IBM XL C/C++ for Blue Gene, Version 12.1.0.12 checkin.c 07/08/15 15:49:00 (C)


>>>>> OPTIONS SECTION <<<<<

IBM XL C/C++ for Blue Gene, Version 12.1.0.12
***   Command Line Invocation ***
***   Options In Effect   ***

CPLUSCMT            LIST                REPORT              NOSTRICT           
THREADED           

64BIT
OPTIMIZE=3
ALIAS=ANSI:NOTYPEPTR:NOALLPTRS:NOADDRTAKEN:RESTRICT:NOGLOBAL
ARCH=QP
HOT=NOARRAYPAD:ARRAYPAD=0:NOVECTOR:FASTMATH:LEVEL=0
LANGLVL=EXTC99:UCS:NOTEXTAFTERENDIF
STRICT=NONE:NOPRECISION:NOEXCEPTIONS:NOIEEEFP:NONANS:NOINFINITIES:NOSUBNORMALS:NOZEROSIGNS:NOOPERATIONPRECISION:ORDER:NOLIBRARY:NOVECTORPRECISION
TLS=DEFAULT
TUNE=QP
cache=level=1:type=d:size=16:line=64:assoc=8:cost=6
cache=level=1:type=i:size=16:line=64:assoc=4:cost=6
cache=level=2:type=d:size=33554:line=128:assoc=16:cost=80
cache=level=2:type=i:size=33554:line=128:assoc=16:cost=80



>>>>> FILE TABLE SECTION <<<<<

                                       FILE CREATION        FROM
FILE NO   FILENAME                    DATE       TIME       FILE    LINE
     0    checkin.c                   07/06/15   10:27:37
     1    /bgsys/drivers/toolchain/V1R2M3_base/gnu-linux/lib/gcc/powerpc64-bgq-linux/4.4.7/../../../../powerpc64-bgq-linux/sys-include/sys/time.h
                                      06/09/15   10:37:04      0      78
     2    /bgsys/drivers/toolchain/V1R2M3_base/gnu-linux/lib/gcc/powerpc64-bgq-linux/4.4.7/../../../../powerpc64-bgq-linux/sys-include/features.h
                                      06/09/15   10:36:40      1      23
     3    /opt/ibmcmp/vac/bg/12.1/include/sys/cdefs.h
                                      04/20/15   21:59:27      2     356
     4    /bgsys/drivers/toolchain/V1R2M3_base/gnu-linux/lib/gcc/powerpc64-bgq-linux/4.4.7/../../../../powerpc64-bgq-linux/sys-include/sys/cdefs.h
                                      06/09/15   10:37:10      3      17
     5    /bgsys/drivers/toolchain/V1R2M3_base/gnu-linux/lib/gcc/powerpc64-bgq-linux/4.4.7/../../../../powerpc64-bgq-linux/sys-include/bits/wordsize.h
                                      06/09/15   10:36:56      4     353
     6    /bgsys/drivers/toolchain/V1R2M3_base/gnu-linux/lib/gcc/powerpc64-bgq-linux/4.4.7/../../../../powerpc64-bgq-linux/sys-include/gnu/stubs.h
                                      06/09/15   10:36:40      2     380
     7    /bgsys/drivers/toolchain/V1R2M3_base/gnu-linux/lib/gcc/powerpc64-bgq-linux/4.4.7/../../../../powerpc64-bgq-linux/sys-include/bits/wordsize.h
                                      06/09/15   10:36:56      6       4
     8    /bgsys/drivers/toolchain/V1R2M3_base/gnu-linux/lib/gcc/powerpc64-bgq-linux/4.4.7/../../../../powerpc64-bgq-linux/sys-include/gnu/stubs-64.h
                                      06/09/15   10:37:38      6       9
     9    /bgsys/drivers/toolchain/V1R2M3_base/gnu-linux/lib/gcc/powerpc64-bgq-linux/4.4.7/../../../../powerpc64-bgq-linux/sys-include/bits/types.h
                                      06/09/15   10:37:07      1      25
    10    /bgsys/drivers/toolchain/V1R2M3_base/gnu-linux/lib/gcc/powerpc64-bgq-linux/4.4.7/../../../../powerpc64-bgq-linux/sys-include/bits/wordsize.h
                                      06/09/15   10:36:56      9      28
    11    /bgsys/drivers/toolchain/V1R2M3_base/gnu-linux/lib/gcc/powerpc64-bgq-linux/4.4.7/../../../../powerpc64-bgq-linux/sys-include/bits/typesizes.h
                                      06/09/15   10:37:07      9     131
    12    /bgsys/drivers/toolchain/V1R2M3_base/gnu-linux/lib/gcc/powerpc64-bgq-linux/4.4.7/../../../../powerpc64-bgq-linux/sys-include/time.h
                                      06/09/15   10:37:04      1      27
    13    /bgsys/drivers/toolchain/V1R2M3_base/gnu-linux/lib/gcc/powerpc64-bgq-linux/4.4.7/../../../../powerpc64-bgq-linux/sys-include/bits/time.h
                                      06/09/15   10:37:04      1      29
    14    /bgsys/drivers/toolchain/V1R2M3_base/gnu-linux/lib/gcc/powerpc64-bgq-linux/4.4.7/../../../../powerpc64-bgq-linux/sys-include/sys/select.h
                                      06/09/15   10:37:10      1      31
    15    /bgsys/drivers/toolchain/V1R2M3_base/gnu-linux/lib/gcc/powerpc64-bgq-linux/4.4.7/../../../../powerpc64-bgq-linux/sys-include/bits/select.h
                                      06/09/15   10:37:10     14      31
    16    /bgsys/drivers/toolchain/V1R2M3_base/gnu-linux/lib/gcc/powerpc64-bgq-linux/4.4.7/../../../../powerpc64-bgq-linux/sys-include/bits/sigset.h
                                      06/09/15   10:36:55     14      34
    17    /bgsys/drivers/toolchain/V1R2M3_base/gnu-linux/lib/gcc/powerpc64-bgq-linux/4.4.7/../../../../powerpc64-bgq-linux/sys-include/time.h
                                      06/09/15   10:37:04     14      44
    18    /bgsys/drivers/toolchain/V1R2M3_base/gnu-linux/lib/gcc/powerpc64-bgq-linux/4.4.7/../../../../powerpc64-bgq-linux/sys-include/bits/time.h
                                      06/09/15   10:37:04     14      46


>>>>> COMPILATION EPILOGUE SECTION <<<<<

IBM XL C/C++ Compilers Summary of Diagnosed Conditions

TOTAL   UNRECOVERABLE  SEVERE       ERROR     WARNING    INFORMATIONAL
               (U)       (S)         (E)        (W)          (I)
    0           0         0           0          0            0


Source records read.........................................    3141

1501-008  Compilation successful for file checkin.c. Object file created.


>>>>> OBJECT SECTION, OPTIMIZATION <<<<<


1586-540 (I) Loop (loop index 1) at checkin.c <line 103> was not SIMD vectorized because it contains memory references ((char *)((char *)msg  + ((long long) ($$RET0 - 1) + $$CIV0)))->(*)uchar.rns3. = 32u; with non-vectorizable strides.
1586-540 (I) Loop (loop index 1) at checkin.c <line 103> was not SIMD vectorized because it contains memory references  with non-vectorizable strides.
1586-551 (I) Loop (loop index 1) at checkin.c <line 103> was not SIMD vectorized because it contains unsupported vector data types.
1586-543 (I) <SIMD info> Total number of the innermost loops considered <"1">. Total number of the innermost loops SIMD vectorized <"0">.
    80 |  int checkin_(char *msg, int *wait, int length)
    95 |  {
            if (!(*wait != 0)) goto lab_3;
    92 |    mask..[]0.off0 = mask..[]0.off0 | 2ll;
    93 |    timeout.timeval.tv_sec = 0ll;
    94 |    timeout.timeval.tv_usec = 0ll;
    95 |    nfound.rnn1 = 0 == select(1,&mask,NULL,NULL,&timeout);
    97 |    if (!(nfound.rnn1 != 0)) goto lab_3;
            rstr = 0;
            return rstr;
          lab_3:
            $$RET0 = read(0,msg,length);
   103 |    if (!($$RET0 - 1 < length)) goto lab_8;
            $$CIV0 = 0ll;
            do {   /* id=1 guarded */ /* ~7 */ 
              /* region = 12 */
              /* bump-normalized */
              *((char *)(msg + (long long) ($$RET0 - 1) + $$CIV0)) = 32u;
              $$CIV0 = $$CIV0 + 1ll;
            } while ((unsigned long long) $$CIV0 < (unsigned long long) ((long long) length - (long long) ($$RET0 - 1)));    /* ~7 */
          lab_8:
   104 |    rstr = $$RET0 - 1;
            return rstr;
   105 |  } /* function */ 



Source        Source        Loop Id       Action / Information                                      
File          Line                                                                                  
----------    ----------    ----------    ----------------------------------------------------------
         0           103                  Loop was not SIMD vectorized because it contains 
                                          memory references  with  non-vectorizable strides.
         0           103                  Loop was not SIMD vectorized because it contains 
                                          unsupported vector data types.

    80 |  int checkin_(char *msg, int *wait, int length)
    95 |  {
            if (!(*wait != 0)) goto lab_3;
    92 |    mask..[]0.off0 = mask..[]0.off0 | 2ll;
    93 |    timeout.timeval.tv_sec = 0ll;
    94 |    timeout.timeval.tv_usec = 0ll;
    95 |    nfound.rnn1 = 0 == select(1,&mask,NULL,NULL,&timeout);
    97 |    if (!(nfound.rnn1 != 0)) goto lab_3;
            rstr = 0;
            return rstr;
          lab_3:
            $$RET0 = read(0,msg,length);
   103 |    if (!($$RET0 - 1 < length)) goto lab_8;
            $$CIV0 = 0ll;
            do {   /* id=1 guarded */ /* ~7 */ 
              /* region = 11 */
              /* bump-normalized */
              *((char *)(msg + (long long) ($$RET0 - 1) + $$CIV0)) = 32u;
              $$CIV0 = $$CIV0 + 1ll;
            } while ((unsigned long long) $$CIV0 < (unsigned long long) ((long long) length - (long long) ($$RET0 - 1)));    /* ~7 */
          lab_8:
   104 |    rstr = $$RET0 - 1;
            return rstr;
   105 |  } /* function */ 


 GPR's set/used:   ss-s ssss ssss s---  ---- ---- ---- -sss
 FPR's set/used:   ssss ssss ssss ss--  ---- ---- ---- ----
 CCR's set/used:   ss-- -sss
     | 000000                           PDEF     checkin_
   80|                                  PROC      msg,wait,length,gr3-gr5
    0| 000000 std      FBE1FFF8   1     ST8       #stack(gr1,-8)=gr31
    0| 000004 std      FBC1FFF0   1     ST8       #stack(gr1,-16)=gr30
    0| 000008 std      FBA1FFE8   1     ST8       #stack(gr1,-24)=gr29
    0| 00000C mfspr    7C0802A6   1     LFLR      gr0=lr
    0| 000010 std      F8010010   1     ST8       #stack(gr1,16)=gr0
    0| 000014 stdu     F821FEC1   1     ST8U      gr1,#stack(gr1,-320)=gr1
   95| 000018 lwz      80840000   1     L4Z       gr4=(*)int.rns0.(gr4,0)
   92| 00001C ori      60000002   1     OIL       gr0=gr0,0x2
    0| 000020 or       7C7F1B78   1     LR        gr31=gr3
    0| 000024 or       7CBE2B78   1     LR        gr30=gr5
   95| 000028 addi     38600001   1     LI        gr3=1
   95| 00002C cmpdi    2C240000   1     C8        cr0=gr4,0
   95| 000030 bc       41820034   1     BT        CL.3,cr0,0x4/eq,taken=50%(0,0)
   92| 000034 std      F80100A0   1     ST8       <a1:d160:l8>(gr1,160)=gr0
   93| 000038 addi     38000000   1     LI        gr0=0
   95| 00003C addi     38E10080   1     AI        gr7=gr1,128
   93| 000040 std      F8010080   1     ST8       <a1:d128:l8>(gr1,128)=gr0
   94| 000044 std      F8010088   1     ST8       <a1:d136:l8>(gr1,136)=gr0
   95| 000048 addi     388100A0   1     AI        gr4=gr1,160
   95| 00004C addi     38A00000   1     LI        gr5=0
   95| 000050 addi     38C00000   1     LI        gr6=0
   95| 000054 bl       48000001   1     CALL      gr3=select,5,gr3,mask",gr4,@PALI_SHADOW_CONST.rns1.,gr5,@PALI_SHADOW_CONST.rns1.,gr6,timeout",gr7,#ProcAlias",select",fcr",#MX_TEMP1",gr1,cr[01567]",gr0",gr4"-gr12",fp0"-fp13",mq",lr",xer",fsr",ca",ctr"
   95| 000058 ori      60000000   1
   95| 00005C cmpwi    2C030000   1     C4        cr0=gr3,0
   97| 000060 bc       418200B8   1     BT        CL.48,cr0,0x4/eq,taken=30%(30,70)
   97|                              CL.3:
   97| 000064 extsw    7FDD07B4   1     EXTS4     gr29=gr30
   97| 000068 addi     38600000   1     LI        gr3=0
   97| 00006C or       7FE4FB78   1     LR        gr4=gr31
   97| 000070 or       7FA5EB78   1     LR        gr5=gr29
   97| 000074 bl       48000001   1     CALL      gr3=read,3,gr3,(*)int.rns2.",gr4,gr5,#ProcAlias",read",fcr",#MX_TEMP1",gr1,cr[01567]",gr0",gr4"-gr12",fp0"-fp13",mq",lr",xer",fsr",ca",ctr"
   97| 000078 ori      60000000   1
  103| 00007C addi     3803FFFF   1     AI        gr0=gr3,-1
  103| 000080 addi     389FFFFE   1     AI        gr4=gr31,-2
    0| 000084 extsw    7C0507B4   1     EXTS4     gr5=gr0
  103| 000088 cmpw     7C1E0000   1     C4        cr0=gr30,gr0
    0| 00008C subf     7CC5E850   1     S         gr6=gr29,gr5
    0| 000090 subf     7C00F050   1     S         gr0=gr30,gr0
  103| 000094 bc       4081005C   1     BF        CL.24,cr0,0x2/gt,taken=30%(30,70)
    0| 000098 rldicl   78C6E8C2   1     SRL8      gr6=gr6,3
    0| 00009C andi.    70000007   1     RN4_R     gr0,cr0=gr0,0,0x7
    0| 0000A0 cmpdi    2CA60000   1     C8        cr1=gr6,0
  103| 0000A4 add      7C632214   1     A         gr3=gr3,gr4
    0| 0000A8 addi     38800020   1     LI        gr4=32
    0| 0000AC bc       41820018   1     BT        CL.20,cr0,0x4/eq,taken=50%(0,0)
    0| 0000B0 mtspr    7C0903A6   1     LCTR      ctr=gr0
    0| 0000B4 ori      60210000   1     XNOP      
    0|                              CL.29:
  103| 0000B8 stbu     9C830001   1     ST1U      gr3,(*)uchar.rns3.(gr3,1)=gr4
    0| 0000BC bc       4200FFFC   1     BCT       ctr=CL.29,taken=100%(100,0)
    0| 0000C0 bc       41860050   1     BT        CL.49,cr1,0x4/eq,taken=30%(30,70)
    0|                              CL.20:
    0| 0000C4 mtspr    7CC903A6   1     LCTR      ctr=gr6
    0| 0000C8 ori      60210000   1     XNOP      
  103|                              CL.7:
  103| 0000CC stb      98830001   1     ST1Z      (*)uchar.rns3.(gr3,1)=gr4
  103| 0000D0 stb      98830002   1     ST1Z      (*)uchar.rns3.(gr3,2)=gr4
  103| 0000D4 stb      98830003   1     ST1Z      (*)uchar.rns3.(gr3,3)=gr4
  103| 0000D8 stb      98830004   1     ST1Z      (*)uchar.rns3.(gr3,4)=gr4
  103| 0000DC stb      98830005   1     ST1Z      (*)uchar.rns3.(gr3,5)=gr4
  103| 0000E0 stb      98830006   1     ST1Z      (*)uchar.rns3.(gr3,6)=gr4
  103| 0000E4 stb      98830007   1     ST1Z      (*)uchar.rns3.(gr3,7)=gr4
  103| 0000E8 stbu     9C830008   1     ST1U      gr3,(*)uchar.rns3.(gr3,8)=gr4
    0| 0000EC bc       4200FFE0   1     BCT       ctr=CL.7,taken=100%(100,0)
    0|                              CL.24:
  104| 0000F0 or       7CA32B78   1     LR        gr3=gr5
  104|                              CL.10:
  105| 0000F4 ld       E9810150   1     L8        gr12=#stack(gr1,336)
  105| 0000F8 addi     38210140   1     AI        gr1=gr1,320
  105| 0000FC ld       EBA1FFE8   1     L8        gr29=#stack(gr1,-24)
  105| 000100 ld       EBC1FFF0   1     L8        gr30=#stack(gr1,-16)
  105| 000104 ld       EBE1FFF8   1     L8        gr31=#stack(gr1,-8)
  105| 000108 mtspr    7D8803A6   1     LLR       lr=gr12
  105| 00010C bclr     4E800020   1     BA        lr
    0|                              CL.49:
  104| 000110 or       7CA32B78   1     LR        gr3=gr5
    0| 000114 b        4BFFFFE0   1     B         CL.10,-1
    0|                              CL.48:
  105| 000118 ld       E9810150   1     L8        gr12=#stack(gr1,336)
  105| 00011C addi     38210140   1     AI        gr1=gr1,320
   97| 000120 addi     38600000   1     LI        gr3=0
  105| 000124 ld       EBC1FFF0   1     L8        gr30=#stack(gr1,-16)
  105| 000128 ld       EBE1FFF8   1     L8        gr31=#stack(gr1,-8)
  105| 00012C mtspr    7D8803A6   1     LLR       lr=gr12
  105| 000130 bclr     4E800020   1     BA        lr
     |               Tag Table
     | 000134        00000000 00002001 80030000 00000134
     |               Instruction count           77
     |               Straight-line exec time     77
