IBM XL Fortran for Blue Gene, V14.1 (5799-AH1) Version 14.01.0000.0012 --- findno.f90 07/08/15 15:47:35
 
>>>>> OPTIONS SECTION <<<<<
***   Options In Effect   ***
  
         ==  On / Off Options  ==
         CR              NODIRECTSTORAG  ESCAPE          I4
         INLGLUE         NOLIBESSL       NOLIBPOSIX      OBJECT
         SWAPOMP         THREADED        UNWIND          ZEROSIZE
  
         ==  Options Of Integer Type ==
         ALIAS_SIZE(65536)     MAXMEM(-1)            OPTIMIZE(3)
         SPILLSIZE(512)        STACKTEMP(0)
  
         ==  Options of Integer and Character Type ==
         CACHE(LEVEL(1),TYPE(I),ASSOC(4),COST(6),LINE(64),SIZE(16))
         CACHE(LEVEL(2),TYPE(I),ASSOC(16),COST(80),LINE(128))
         CACHE(LEVEL(1),TYPE(D),ASSOC(8),COST(6),LINE(64),SIZE(16))
         CACHE(LEVEL(2),TYPE(D),ASSOC(16),COST(80),LINE(128))
         INLINE(NOAUTO,LEVEL(5))
         HOT(FASTMATH,LEVEL(0))
         SIMD(AUTO)
  
         ==  Options Of Character Type  ==
         64()                  ALIAS(STD,NOINTPTR)   ALIGN(BINDC(LINUXPPC),STRUCT(NATURAL))
         ARCH(QP)              AUTODBL(NONE)         DESCRIPTOR(V1)
         DIRECTIVE(IBM*,IBMT)  ENUM()                FLAG(I,I)
         FLOAT(MAF,FOLD,RSQRT,FLTINT)
         FREE(F90)             GNU_VERSION(DOT_TRIPLE)
         HALT(S)               IEEE(NEAR)            INTSIZE(4)
         LIST()                LANGLVL(EXTENDED)     REALSIZE(4)
         REPORT(HOTLIST)       STRICT(NONE,NOPRECISION,NOEXCEPTIONS,NOIEEEFP,NONANS,NOINFINITIES,NOSUBNORMALS,NOZEROSIGNS,NOOPERATIONPRECISION,ORDER,NOLIBRARY,NOCONSTRUCTCOPY,NOVECTORPRECISION)
         TUNE(QP)              UNROLL(AUTO)          XFLAG()
         XLF2003(NOPOLYMORPHIC,NOBOZLITARGS,NOSIGNDZEROINTR,NOSTOPEXCEPT,NOVOLATILE,NOAUTOREALLOC,OLDNANINF)
         XLF2008(NOCHECKPRESENCE)
         XLF77(LEADZERO,BLANKPAD)
         XLF90(SIGNEDZERO,AUTODEALLOC)
  
>>>>> SOURCE SECTION <<<<<
** findno   === End of Compilation 1 ===
 
>>>>> LOOP TRANSFORMATION SECTION <<<<<

1586-538 (I) Loop (loop index 1) at findno.f90 <line 28> was not SIMD vectorized because it contains unsupported loop structure.
1586-552 (I) Loop (loop index 1) at findno.f90 <line 28> was not SIMD vectorized because it contains control flow.
1586-538 (I) Loop (loop index 2) at findno.f90 <line 32> was not SIMD vectorized because it contains unsupported loop structure.
1586-552 (I) Loop (loop index 2) at findno.f90 <line 32> was not SIMD vectorized because it contains control flow.
1586-538 (I) Loop (loop index 3) at findno.f90 <line 39> was not SIMD vectorized because it contains unsupported loop structure.
1586-552 (I) Loop (loop index 3) at findno.f90 <line 39> was not SIMD vectorized because it contains control flow.
1586-543 (I) <SIMD info> Total number of the innermost loops considered <"3">. Total number of the innermost loops SIMD vectorized <"0">.


     7|         SUBROUTINE findno (msg, istrt, iend, %msg)
    26|           iend = 0
    28|           iblnk = 1
                  IF (.FALSE.) GOTO lab_19
                  $$CIV0 = 0
       Id=1       DO $$CIV0 = $$CIV0, 79
                    iblnk = int($$CIV0) + 1
    29|             IF (_clc(1," ",1,(msg + (-1) + (1)*($$CIV0 + 1))) == 0) &
                &     GOTO lab_3
    30|             iblnk = int($$CIV0) + 2
                  ENDDO
                  lab_19
    31|           lab_3
    32|           istrt = iblnk
                  IF ((81 - int(iblnk) > 0)) THEN
                    $$CIV1 = 0
       Id=2         DO $$CIV1 = $$CIV1, int((81 - int(iblnk)))-1
                      $$DoIV1 = -(($$CIV1 + int(iblnk)) - 81)
    33|               IF (_clc(1," ",1,(msg + (-1) + (1)*(int(iblnk) + $$CIV1)))&
                &        <> 0) GOTO lab_28
    34|             ENDDO
    33|             lab_28
    39|             istrt = iblnk + int($$CIV1)
                    iend = int($$CIV1) + iblnk
                    IF (.NOT.(81 - int((int($$CIV1) + iblnk)) > 0)) GOTO lab_23
                    $$CIV2 = 0
       Id=3         DO $$CIV2 = $$CIV2, int((81 - ($$CIV1 + int(iblnk))))-1
    40|               IF (_clc(1," ",1,(msg + (-1) + (1)*(int((int(($$CIV2 + (&
                &       $$CIV1 + (int(iblnk) - int((int((81 - ($$DoIV1 + int(&
                &       iblnk)))) + iblnk)))))) + (int((81 - ($$DoIV1 + int(iblnk)&
                &       ))) + iblnk)))))) == 0) GOTO lab_40
    41|               $$SCREP0 = 1 + (int(($$CIV2 + ($$CIV1 + (int(iblnk) - int(&
                &       (int((-(($$DoIV1 + int(iblnk)) - 81))) + iblnk)))))) + (&
                &       int((-(($$DoIV1 + int(iblnk)) - 81))) + iblnk))
                    ENDDO
                    iend = $$SCREP0
    45|             lab_40
                    iend = int(($$CIV2 + ($$CIV1 + (int(iblnk) - int((int((-((&
                &     $$DoIV1 + int(iblnk)) - 81))) + iblnk)))))) + (int((-((&
                &     $$DoIV1 + int(iblnk)) - 81))) + iblnk)
                    GOTO lab_15
    41|             lab_23
    42|             lab_15
                    iend = iend - 1
    34|           ENDIF
    35|           istrt = -1
    36|           GOTO lab_25
    45|           lab_25
                END SUBROUTINE findno


Source        Source        Loop Id       Action / Information                                      
File          Line                                                                                  
----------    ----------    ----------    ----------------------------------------------------------
         0            28             1    Loop was not SIMD vectorized because it contains 
                                          unsupported loop structure.
         0            28             1    Loop was not SIMD vectorized because it contains 
                                          control flow.
         0            32             2    Loop was not SIMD vectorized because it contains 
                                          unsupported loop structure.
         0            32             2    Loop was not SIMD vectorized because it contains 
                                          control flow.
         0            39             3    Loop was not SIMD vectorized because it contains 
                                          unsupported loop structure.
         0            39             3    Loop was not SIMD vectorized because it contains 
                                          control flow.


     7|         SUBROUTINE findno (msg, istrt, iend, %msg)
    26|           iend = 0
    28|           iblnk = 1
                  IF (.FALSE.) GOTO lab_19
                  $$CIV0 = 0
       Id=1       DO $$CIV0 = $$CIV0, 79
                    iblnk = int($$CIV0) + 1
    29|             IF (_clc(1," ",1,(msg + (-1) + (1)*($$CIV0 + 1))) == 0) &
                &     GOTO lab_3
    30|             iblnk = int($$CIV0) + 2
                  ENDDO
                  lab_19
    31|           lab_3
    32|           istrt = iblnk
                  IF ((81 - int(iblnk) > 0)) THEN
                    $$CIV1 = 0
       Id=2         DO $$CIV1 = $$CIV1, int((81 - int(iblnk)))-1
                      $$DoIV1 = -(($$CIV1 + int(iblnk)) - 81)
    33|               IF (_clc(1," ",1,(msg + (-1) + (1)*(int(iblnk) + $$CIV1)))&
                &        <> 0) GOTO lab_28
    34|             ENDDO
    33|             lab_28
    39|             istrt = iblnk + int($$CIV1)
                    iend = int($$CIV1) + iblnk
                    IF (.NOT.(81 - int((int($$CIV1) + iblnk)) > 0)) GOTO lab_23
                    $$CIV2 = 0
       Id=3         DO $$CIV2 = $$CIV2, int((81 - ($$CIV1 + int(iblnk))))-1
    40|               IF (_clc(1," ",1,(msg + (-1) + (1)*(int((int(($$CIV2 + (&
                &       $$CIV1 + (int(iblnk) - int((int((81 - ($$DoIV1 + int(&
                &       iblnk)))) + iblnk)))))) + (int((81 - ($$DoIV1 + int(iblnk)&
                &       ))) + iblnk)))))) == 0) GOTO lab_40
    41|               $$SCREP0 = 1 + (int(($$CIV2 + ($$CIV1 + (int(iblnk) - int(&
                &       (int((-(($$DoIV1 + int(iblnk)) - 81))) + iblnk)))))) + (&
                &       int((-(($$DoIV1 + int(iblnk)) - 81))) + iblnk))
                    ENDDO
                    iend = $$SCREP0
    45|             lab_40
                    iend = int(($$CIV2 + ($$CIV1 + (int(iblnk) - int((int((-((&
                &     $$DoIV1 + int(iblnk)) - 81))) + iblnk)))))) + (int((-((&
                &     $$DoIV1 + int(iblnk)) - 81))) + iblnk)
                    GOTO lab_15
    41|             lab_23
    42|             lab_15
                    iend = iend - 1
    34|           ENDIF
    35|           istrt = -1
    36|           GOTO lab_25
    45|           lab_25
                END SUBROUTINE findno

 
 
>>>>> OBJECT SECTION <<<<<
 GPR's set/used:   s--u suss ssss s---  ---- ---- ---- ssss
 FPR's set/used:   ---- ---- ---- ----  ---- ---- ---- ----
 CCR's set/used:   ss-- --s-
     | 000000                           PDEF     findno
    7|                                  PROC      .msg,.istrt,.iend,%msg,gr3-gr6
    0| 000000 std      FBE1FFF8   1     ST8       #stack(gr1,-8)=gr31
    0| 000004 std      FBC1FFF0   1     ST8       #stack(gr1,-16)=gr30
    0| 000008 std      FBA1FFE8   1     ST8       #stack(gr1,-24)=gr29
    0| 00000C std      FB81FFE0   1     ST8       #stack(gr1,-32)=gr28
   26| 000010 addi     38C00000   1     LI        gr6=0
   28| 000014 addi     38000001   1     LI        gr0=1
   26| 000018 stw      90C50000   1     ST4Z      iend(gr5,0)=gr6
   28| 00001C addi     38E00000   1     LI        gr7=0
   30| 000020 cmpldi   28200050   1     CL8       cr0=gr0,80
   29| 000024 add      7D201A14   1     A         gr9=gr0,gr3
    0| 000028 b        48000008   1     B         CL.186,-1
    0|                              CL.187:
    0| 00002C bc       41860094   1     BT        CL.3,cr1,0x4/eq,taken=20%(20,80)
    0|                              CL.186:
   29| 000030 lbz      8949FFFF   1     L1Z       gr10=msg(gr9,-1)
   28| 000034 addi     39070002   1     AI        gr8=gr7,2
   28| 000038 addi     39870003   1     AI        gr12=gr7,3
   29| 00003C add      7D234214   1     A         gr9=gr3,gr8
   30| 000040 cmpldi   2B280050   1     CL8       cr6=gr8,80
   28| 000044 addi     38070001   1     AI        gr0=gr7,1
   29| 000048 cmplwi   288A0020   1     CL4       cr1=gr10,32
   30| 00004C addi     39670002   1     AI        gr11=gr7,2
   29| 000050 add      7D436214   1     A         gr10=gr3,gr12
   29| 000054 bc       4186006C   1     BT        CL.3,cr1,0x4/eq,taken=20%(20,80)
    0| 000058 bc       408001F8   1     BF        CL.130,cr0,0x8/llt,taken=20%(20,80)
   29| 00005C lbz      8929FFFF   1     L1Z       gr9=msg(gr9,-1)
   28| 000060 addi     38070002   1     AI        gr0=gr7,2
   30| 000064 cmpldi   28AC0050   1     CL8       cr1=gr12,80
   29| 000068 cmplwi   28090020   1     CL4       cr0=gr9,32
    0| 00006C bc       41820054   1     BT        CL.3,cr0,0x4/eq,taken=20%(20,80)
   30| 000070 addi     38070003   1     AI        gr0=gr7,3
    0| 000074 bc       4098004C   1     BF        CL.3,cr6,0x8/llt,taken=****
   29| 000078 lbz      880AFFFF   1     L1Z       gr0=msg(gr10,-1)
   28| 00007C addi     38E70004   1     AI        gr7=gr7,4
   29| 000080 add      7D433A14   1     A         gr10=gr3,gr7
   28| 000084 addi     39670001   1     AI        gr11=gr7,1
   30| 000088 cmpldi   2B270050   1     CL8       cr6=gr7,80
   29| 00008C cmplwi   28000020   1     CL4       cr0=gr0,32
   30| 000090 addi     38080002   1     AI        gr0=gr8,2
   29| 000094 add      7D235A14   1     A         gr9=gr3,gr11
    0| 000098 bc       41820024   1     BT        CL.133,cr0,0x4/eq,taken=20%(20,80)
   30| 00009C bc       40840024   1     BF        CL.3,cr1,0x8/llt,taken=20%(20,80)
   29| 0000A0 lbz      894AFFFF   1     L1Z       gr10=msg(gr10,-1)
   30| 0000A4 cmpldi   282B0050   1     CL8       cr0=gr11,80
   29| 0000A8 cmplwi   288A0020   1     CL4       cr1=gr10,32
   29| 0000AC bc       4198FF80   1     BT        CL.187,cr6,0x8/llt,taken=80%(80,20)
   29| 0000B0 bc       41860010   1     BT        CL.3,cr1,0x4/eq,taken=20%(20,80)
   30| 0000B4 addi     38080003   1     AI        gr0=gr8,3
   29| 0000B8 b        48000008   1     B         CL.3,-1
    0|                              CL.133:
    0| 0000BC addi     38080001   1     AI        gr0=gr8,1
   31|                              CL.3:
   32| 0000C0 extsw    7C0A07B4   1     EXTS4     gr10=gr0
   32| 0000C4 addi     38E00000   1     LI        gr7=0
   32| 0000C8 subfic   216A0051   1     SFI       gr11=81,gr10,ca"
   32| 0000CC cmpdi    2C2B0000   1     C8        cr0=gr11,0
   32| 0000D0 bc       408100A0   1     BF        CL.21,cr0,0x2/gt,taken=30%(30,70)
   32|                              CL.22:
   32| 0000D4 add      7D075214   1     A         gr8=gr7,gr10
   34| 0000D8 addi     39870001   1     AI        gr12=gr7,1
   33| 0000DC add      7D234214   1     A         gr9=gr3,gr8
   32| 0000E0 add      7FEA6214   1     A         gr31=gr10,gr12
   33| 0000E4 lbz      8BA9FFFF   1     L1Z       gr29=msg(gr9,-1)
   34| 0000E8 cmpld    7C2C5840   1     CL8       cr0=gr12,gr11
   33| 0000EC add      7D23FA14   1     A         gr9=gr3,gr31
   32| 0000F0 subfic   23E80051   1     SFI       gr31=81,gr8,ca"
   34| 0000F4 addi     39070002   1     AI        gr8=gr7,2
   32| 0000F8 subfic   23C70050   1     SFI       gr30=80,gr7,ca"
   33| 0000FC cmplwi   289D0020   1     CL4       cr1=gr29,32
   32| 000100 add      7F885214   1     A         gr28=gr8,gr10
   33| 000104 bc       408600A0   1     BF        CL.28,cr1,0x4/eq,taken=20%(20,80)
   34| 000108 bc       40800068   1     BF        CL.21,cr0,0x8/llt,taken=20%(20,80)
   33| 00010C lbz      8BA9FFFF   1     L1Z       gr29=msg(gr9,-1)
   34| 000110 cmpld    7C285840   1     CL8       cr0=gr8,gr11
   33| 000114 add      7D23E214   1     A         gr9=gr3,gr28
   34| 000118 addi     38E70003   1     AI        gr7=gr7,3
   32| 00011C subf     7FEAF050   1     S         gr31=gr30,gr10
   32| 000120 add      7FC75214   1     A         gr30=gr7,gr10
   33| 000124 cmplwi   289D0020   1     CL4       cr1=gr29,32
    0| 000128 bc       40860120   1     BF        CL.128,cr1,0x4/eq,taken=20%(20,80)
   34| 00012C bc       40800044   1     BF        CL.21,cr0,0x8/llt,taken=****
   33| 000130 lbz      8929FFFF   1     L1Z       gr9=msg(gr9,-1)
   34| 000134 cmpld    7C275840   1     CL8       cr0=gr7,gr11
   33| 000138 add      7D83F214   1     A         gr12=gr3,gr30
   32| 00013C subfic   23C80050   1     SFI       gr30=80,gr8,ca"
   32| 000140 subfic   23FC0051   1     SFI       gr31=81,gr28,ca"
   34| 000144 addi     3BA80002   1     AI        gr29=gr8,2
   33| 000148 cmplwi   28890020   1     CL4       cr1=gr9,32
    0| 00014C bc       40860054   1     BF        CL.129,cr1,0x4/eq,taken=20%(20,80)
   34| 000150 bc       40800020   1     BF        CL.21,cr0,0x8/llt,taken=20%(20,80)
   33| 000154 lbz      890CFFFF   1     L1Z       gr8=msg(gr12,-1)
   32| 000158 subf     7FEAF050   1     S         gr31=gr30,gr10
   33| 00015C cmplwi   28080020   1     CL4       cr0=gr8,32
   33| 000160 bc       40820044   1     BF        CL.28,cr0,0x4/eq,taken=20%(20,80)
   34| 000164 cmpld    7C3D5840   1     CL8       cr0=gr29,gr11
   34| 000168 or       7FA7EB78   1     LR        gr7=gr29
   34| 00016C bc       4180FF68   1     BT        CL.22,cr0,0x8/llt,taken=80%(80,20)
   34|                              CL.21:
   35| 000170 addi     3800FFFF   1     LI        gr0=-1
   35| 000174 stw      90040000   1     ST4Z      istrt(gr4,0)=gr0
    0| 000178 b        48000014   1     B         CL.44,-1
    0| 00017C ori      60210000   1     XNOP      
    0| 000180 ori      60210000   1     XNOP      
    0| 000184 ori      60210000   1     XNOP      
   41|                              CL.100:
   42| 000188 stw      91050000   1     ST4Z      iend(gr5,0)=gr8
   45|                              CL.44:
   45| 00018C ld       EB81FFE0   1     L8        gr28=#stack(gr1,-32)
   45| 000190 ld       EBA1FFE8   1     L8        gr29=#stack(gr1,-24)
   45| 000194 ld       EBC1FFF0   1     L8        gr30=#stack(gr1,-16)
   45| 000198 ld       EBE1FFF8   1     L8        gr31=#stack(gr1,-8)
   45| 00019C bclr     4E800020   1     BA        lr
    0|                              CL.129:
    0| 0001A0 or       7D074378   1     LR        gr7=gr8
   33|                              CL.28:
   39| 0001A4 add      7D003A14   1     A         gr8=gr0,gr7
   41| 0001A8 add      7C003A14   1     A         gr0=gr0,gr7
   39| 0001AC stw      91040000   1     ST4Z      istrt(gr4,0)=gr8
   39| 0001B0 extsw    7D0407B4   1     EXTS4     gr4=gr8
   39| 0001B4 subfic   20840051   1     SFI       gr4=81,gr4,ca"
   39| 0001B8 cmpdi    2C240000   1     C8        cr0=gr4,0
   39| 0001BC bc       40810080   1     BF        CL.40,cr0,0x2/gt,taken=30%(30,70)
   41| 0001C0 extsw    7D0807B4   1     EXTS4     gr8=gr8
   40| 0001C4 add      7C875214   1     A         gr4=gr7,gr10
   40| 0001C8 subf     7D085050   1     S         gr8=gr10,gr8
   41| 0001CC addi     39200001   1     LI        gr9=1
   40| 0001D0 add      7D474214   1     A         gr10=gr7,gr8
    0| 0001D4 addi     38E00000   1     LI        gr7=0
   40| 0001D8 add      7D645214   1     A         gr11=gr4,gr10
   40| 0001DC add      7D895214   1     A         gr12=gr9,gr10
   40| 0001E0 extsw    7D6607B4   1     EXTS4     gr6=gr11
   40| 0001E4 add      7D846214   1     A         gr12=gr4,gr12
   40| 0001E8 add      7CC33214   1     A         gr6=gr3,gr6
    0| 0001EC or       7C080378   1     LR        gr8=gr0
   40| 0001F0 lbz      88C6FFFF   1     L1Z       gr6=msg(gr6,-1)
   41| 0001F4 cmpld    7C29F840   1     CL8       cr0=gr9,gr31
    0| 0001F8 addi     39600001   1     LI        gr11=1
   41| 0001FC addi     39200002   1     LI        gr9=2
   40| 000200 extsw    7D8C07B4   1     EXTS4     gr12=gr12
   40| 000204 cmplwi   28860020   1     CL4       cr1=gr6,32
    0|                              CL.134:
   40| 000208 bc       41860034   1     BT        CL.40,cr1,0x4/eq,taken=20%(20,80)
   41| 00020C bc       4080FF7C   1     BF        CL.100,cr0,0x8/llt,taken=20%(20,80)
   40| 000210 add      7CC36214   1     A         gr6=gr3,gr12
   40| 000214 add      7D095214   1     A         gr8=gr9,gr10
   40| 000218 lbz      88C6FFFF   1     L1Z       gr6=msg(gr6,-1)
   40| 00021C add      7D844214   1     A         gr12=gr4,gr8
    0| 000220 add      7D005A14   1     A         gr8=gr0,gr11
   41| 000224 cmpld    7C29F840   1     CL8       cr0=gr9,gr31
    0| 000228 add      7D674A14   1     A         gr11=gr7,gr9
   41| 00022C addi     39290001   1     AI        gr9=gr9,1
   40| 000230 extsw    7D8C07B4   1     EXTS4     gr12=gr12
   40| 000234 cmplwi   28860020   1     CL4       cr1=gr6,32
    0| 000238 b        4BFFFFD0   1     B         CL.134,-1
   45|                              CL.40:
   42| 00023C addi     3808FFFF   1     AI        gr0=gr8,-1
   42| 000240 stw      90050000   1     ST4Z      iend(gr5,0)=gr0
   45| 000244 b        4BFFFF48   1     B         CL.44,-1
    0|                              CL.128:
    0| 000248 or       7D876378   1     LR        gr7=gr12
   33| 00024C b        4BFFFF58   1     B         CL.28,-1
    0|                              CL.130:
    0| 000250 or       7D605B78   1     LR        gr0=gr11
   30| 000254 b        4BFFFE6C   1     B         CL.3,-1
     |               Tag Table
     | 000258        00000000 00012000 00040000 00000258
     |               Instruction count          150
     |               Straight-line exec time    150

 
 
>>>>> FILE TABLE SECTION <<<<<
 
 
                                       FILE CREATION        FROM
FILE NO   FILENAME                    DATE       TIME       FILE    LINE
     0    findno.f90                  07/08/15   15:47:35
 
 
>>>>> COMPILATION EPILOGUE SECTION <<<<<
 
 
FORTRAN Summary of Diagnosed Conditions
 
TOTAL   UNRECOVERABLE  SEVERE       ERROR     WARNING    INFORMATIONAL
               (U)       (S)         (E)        (W)          (I)
    0           0         0           0          0            0
 
 
    Source records read.......................................      45
1501-510  Compilation successful for file findno.f90.
1501-543  Object file created.
