IBM XL Fortran for Blue Gene, V14.1 (5799-AH1) Version 14.01.0000.0012 --- opac_d.f90 07/08/15 15:48:27
 
>>>>> OPTIONS SECTION <<<<<
***   Options In Effect   ***
  
         ==  On / Off Options  ==
         CR              NODIRECTSTORAG  ESCAPE          I4
         INLGLUE         NOLIBESSL       NOLIBPOSIX      OBJECT
         SWAPOMP         THREADED        UNWIND          ZEROSIZE
  
         ==  Options Of Integer Type ==
         ALIAS_SIZE(65536)     MAXMEM(-1)            OPTIMIZE(3)
         SPILLSIZE(512)        STACKTEMP(0)
  
         ==  Options of Integer and Character Type ==
         CACHE(LEVEL(1),TYPE(I),ASSOC(4),COST(6),LINE(64),SIZE(16))
         CACHE(LEVEL(2),TYPE(I),ASSOC(16),COST(80),LINE(128))
         CACHE(LEVEL(1),TYPE(D),ASSOC(8),COST(6),LINE(64),SIZE(16))
         CACHE(LEVEL(2),TYPE(D),ASSOC(16),COST(80),LINE(128))
         INLINE(NOAUTO,LEVEL(5))
         HOT(FASTMATH,LEVEL(0))
         SIMD(AUTO)
  
         ==  Options Of Character Type  ==
         64()                  ALIAS(STD,NOINTPTR)   ALIGN(BINDC(LINUXPPC),STRUCT(NATURAL))
         ARCH(QP)              AUTODBL(NONE)         DESCRIPTOR(V1)
         DIRECTIVE(IBM*,IBMT)  ENUM()                FLAG(I,I)
         FLOAT(MAF,FOLD,RSQRT,FLTINT)
         FREE(F90)             GNU_VERSION(DOT_TRIPLE)
         HALT(S)               IEEE(NEAR)            INTSIZE(4)
         LIST()                LANGLVL(EXTENDED)     REALSIZE(4)
         REPORT(HOTLIST)       STRICT(NONE,NOPRECISION,NOEXCEPTIONS,NOIEEEFP,NONANS,NOINFINITIES,NOSUBNORMALS,NOZEROSIGNS,NOOPERATIONPRECISION,ORDER,NOLIBRARY,NOCONSTRUCTCOPY,NOVECTORPRECISION)
         TUNE(QP)              UNROLL(AUTO)          XFLAG()
         XLF2003(NOPOLYMORPHIC,NOBOZLITARGS,NOSIGNDZEROINTR,NOSTOPEXCEPT,NOVOLATILE,NOAUTOREALLOC,OLDNANINF)
         XLF2008(NOCHECKPRESENCE)
         XLF77(LEADZERO,BLANKPAD)
         XLF90(SIGNEDZERO,AUTODEALLOC)
  
>>>>> SOURCE SECTION <<<<<
** opac_d   === End of Compilation 1 ===
 
>>>>> LOOP TRANSFORMATION SECTION <<<<<



     7|         SUBROUTINE opac_d ()
    40|           nreq = 0
    41|           nsub = nsub + 1
    42|           T_2 = 3
                  T_3 = 3
                  T_4 = 0
                  T_5 = 0
                  T_6 = 0
                  T_7 = 0
                  CALL bvald(T_2,T_3,T_4,T_5,T_6,T_7,d-d%addr)
    43|           T_8 = 3
                  T_9 = 3
                  T_10 = 0
                  T_11 = 0
                  T_12 = 0
                  T_13 = 0
                  CALL bvale(T_8,T_9,T_10,T_11,T_12,T_13,d-e%addr)
    47|           CALL opacity(d-e%addr,d-d%addr,gamma,d-kapr%addr,d-kap%addr,&
                &   d-sig%addr,d-dkapdt%addr,d-kem%addr,d-dkemdt%addr,is,ie,js,je,&
                &   ks,ke)
    52|           IF ((nreq <> 0)) THEN
                    CALL mpi_waitall(nreq,req,stat,ierr)
                  ENDIF
    53|           IF ((ldimen == 1)) THEN
    57|             T_14 = is - 2
                    T_15 = is - 1
                    CALL opacity(d-e%addr,d-d%addr,gamma,d-kapr%addr,d-kap%addr,&
                &     d-sig%addr,d-dkapdt%addr,d-kem%addr,d-dkemdt%addr,T_14,T_15,&
                &     js,je,ks,ke)
    59|             T_16 = ie + 1
                    T_17 = ie + 2
                    CALL opacity(d-e%addr,d-d%addr,gamma,d-kapr%addr,d-kap%addr,&
                &     d-sig%addr,d-dkapdt%addr,d-kem%addr,d-dkemdt%addr,T_16,T_17,&
                &     js,je,ks,ke)
    62|           ELSE
    63|             lab_2
    64|             IF (.NOT.(ldimen > 1)) GOTO lab_4
    68|             nreq = 0
    69|             nsub = nsub + 1
    70|             T_18 = 0
                    T_19 = 0
                    T_20 = 3
                    T_21 = 3
                    T_22 = 0
                    T_23 = 0
                    CALL bvald(T_18,T_19,T_20,T_21,T_22,T_23,d-d%addr)
    71|             T_24 = 0
                    T_25 = 0
                    T_26 = 3
                    T_27 = 3
                    T_28 = 0
                    T_29 = 0
                    CALL bvale(T_24,T_25,T_26,T_27,T_28,T_29,d-e%addr)
    75|             T_30 = is - 2
                    T_31 = is - 1
                    CALL opacity(d-e%addr,d-d%addr,gamma,d-kapr%addr,d-kap%addr,&
                &     d-sig%addr,d-dkapdt%addr,d-kem%addr,d-dkemdt%addr,T_30,T_31,&
                &     js,je,ks,ke)
    77|             T_32 = ie + 1
                    T_33 = ie + 2
                    CALL opacity(d-e%addr,d-d%addr,gamma,d-kapr%addr,d-kap%addr,&
                &     d-sig%addr,d-dkapdt%addr,d-kem%addr,d-dkemdt%addr,T_32,T_33,&
                &     js,je,ks,ke)
    82|             IF (.NOT.(nreq <> 0)) GOTO lab_5
                    CALL mpi_waitall(nreq,req,stat,ierr)
                  ENDIF
    83|           IF (.NOT.(ldimen == 2)) GOTO lab_6
    87|           T_34 = js - 2
                  T_35 = js - 1
                  CALL opacity(d-e%addr,d-d%addr,gamma,d-kapr%addr,d-kap%addr,&
                &   d-sig%addr,d-dkapdt%addr,d-kem%addr,d-dkemdt%addr,is,ie,T_34,&
                &   T_35,ks,ke)
    89|           T_36 = je + 1
                  T_37 = je + 2
                  CALL opacity(d-e%addr,d-d%addr,gamma,d-kapr%addr,d-kap%addr,&
                &   d-sig%addr,d-dkapdt%addr,d-kem%addr,d-dkemdt%addr,is,ie,T_36,&
                &   T_37,ks,ke)
    92|           GOTO lab_9
    93|           lab_6
    94|           nreq = 0
    95|           nsub = nsub + 1
    96|           T_38 = 0
                  T_39 = 0
                  T_40 = 0
                  T_41 = 0
                  T_42 = 3
                  T_43 = 3
                  CALL bvald(T_38,T_39,T_40,T_41,T_42,T_43,d-d%addr)
    97|           T_44 = 0
                  T_45 = 0
                  T_46 = 0
                  T_47 = 0
                  T_48 = 3
                  T_49 = 3
                  CALL bvale(T_44,T_45,T_46,T_47,T_48,T_49,d-e%addr)
    98|           T_50 = js - 2
                  T_51 = js - 1
                  CALL opacity(d-e%addr,d-d%addr,gamma,d-kapr%addr,d-kap%addr,&
                &   d-sig%addr,d-dkapdt%addr,d-kem%addr,d-dkemdt%addr,is,ie,T_50,&
                &   T_51,ks,ke)
   100|           T_52 = je + 1
                  T_53 = je + 2
                  CALL opacity(d-e%addr,d-d%addr,gamma,d-kapr%addr,d-kap%addr,&
                &   d-sig%addr,d-dkapdt%addr,d-kem%addr,d-dkemdt%addr,is,ie,T_52,&
                &   T_53,ks,ke)
   102|           IF ((nreq <> 0)) THEN
                    CALL mpi_waitall(nreq,req,stat,ierr)
                  ENDIF
   103|           T_54 = ks - 2
                  T_55 = ks - 1
                  CALL opacity(d-e%addr,d-d%addr,gamma,d-kapr%addr,d-kap%addr,&
                &   d-sig%addr,d-dkapdt%addr,d-kem%addr,d-dkemdt%addr,is,ie,js,je,&
                &   T_54,T_55)
   105|           T_56 = ke + 1
                  T_57 = ke + 2
                  CALL opacity(d-e%addr,d-d%addr,gamma,d-kapr%addr,d-kap%addr,&
                &   d-sig%addr,d-dkapdt%addr,d-kem%addr,d-dkemdt%addr,is,ie,js,je,&
                &   T_56,T_57)
   110|           lab_4
   113|           lab_9
                  RETURN
                END SUBROUTINE opac_d


     7|         SUBROUTINE opac_d ()
    40|           nreq = 0
    41|           nsub = nsub + 1
    42|           T_2 = 3
                  T_3 = 3
                  T_4 = 0
                  T_5 = 0
                  T_6 = 0
                  T_7 = 0
                  CALL bvald(T_2,T_3,T_4,T_5,T_6,T_7,d-d%addr)
    43|           T_8 = 3
                  T_9 = 3
                  T_10 = 0
                  T_11 = 0
                  T_12 = 0
                  T_13 = 0
                  CALL bvale(T_8,T_9,T_10,T_11,T_12,T_13,d-e%addr)
    47|           CALL opacity(d-e%addr,d-d%addr,gamma,d-kapr%addr,d-kap%addr,&
                &   d-sig%addr,d-dkapdt%addr,d-kem%addr,d-dkemdt%addr,is,ie,js,je,&
                &   ks,ke)
    52|           IF ((nreq <> 0)) THEN
                    CALL mpi_waitall(nreq,req,stat,ierr)
                  ENDIF
    53|           IF ((ldimen == 1)) THEN
    57|             T_14 = is - 2
                    T_15 = is - 1
                    CALL opacity(d-e%addr,d-d%addr,gamma,d-kapr%addr,d-kap%addr,&
                &     d-sig%addr,d-dkapdt%addr,d-kem%addr,d-dkemdt%addr,T_14,T_15,&
                &     js,je,ks,ke)
    59|             T_16 = ie + 1
                    T_17 = ie + 2
                    CALL opacity(d-e%addr,d-d%addr,gamma,d-kapr%addr,d-kap%addr,&
                &     d-sig%addr,d-dkapdt%addr,d-kem%addr,d-dkemdt%addr,T_16,T_17,&
                &     js,je,ks,ke)
    62|           ELSE
    63|             lab_2
    64|             IF (.NOT.(ldimen > 1)) GOTO lab_4
    68|             nreq = 0
    69|             nsub = nsub + 1
    70|             T_18 = 0
                    T_19 = 0
                    T_20 = 3
                    T_21 = 3
                    T_22 = 0
                    T_23 = 0
                    CALL bvald(T_18,T_19,T_20,T_21,T_22,T_23,d-d%addr)
    71|             T_24 = 0
                    T_25 = 0
                    T_26 = 3
                    T_27 = 3
                    T_28 = 0
                    T_29 = 0
                    CALL bvale(T_24,T_25,T_26,T_27,T_28,T_29,d-e%addr)
    75|             T_30 = is - 2
                    T_31 = is - 1
                    CALL opacity(d-e%addr,d-d%addr,gamma,d-kapr%addr,d-kap%addr,&
                &     d-sig%addr,d-dkapdt%addr,d-kem%addr,d-dkemdt%addr,T_30,T_31,&
                &     js,je,ks,ke)
    77|             T_32 = ie + 1
                    T_33 = ie + 2
                    CALL opacity(d-e%addr,d-d%addr,gamma,d-kapr%addr,d-kap%addr,&
                &     d-sig%addr,d-dkapdt%addr,d-kem%addr,d-dkemdt%addr,T_32,T_33,&
                &     js,je,ks,ke)
    82|             IF (.NOT.(nreq <> 0)) GOTO lab_5
                    CALL mpi_waitall(nreq,req,stat,ierr)
                  ENDIF
    83|           IF (.NOT.(ldimen == 2)) GOTO lab_6
    87|           T_34 = js - 2
                  T_35 = js - 1
                  CALL opacity(d-e%addr,d-d%addr,gamma,d-kapr%addr,d-kap%addr,&
                &   d-sig%addr,d-dkapdt%addr,d-kem%addr,d-dkemdt%addr,is,ie,T_34,&
                &   T_35,ks,ke)
    89|           T_36 = je + 1
                  T_37 = je + 2
                  CALL opacity(d-e%addr,d-d%addr,gamma,d-kapr%addr,d-kap%addr,&
                &   d-sig%addr,d-dkapdt%addr,d-kem%addr,d-dkemdt%addr,is,ie,T_36,&
                &   T_37,ks,ke)
    92|           GOTO lab_9
    93|           lab_6
    94|           nreq = 0
    95|           nsub = nsub + 1
    96|           T_38 = 0
                  T_39 = 0
                  T_40 = 0
                  T_41 = 0
                  T_42 = 3
                  T_43 = 3
                  CALL bvald(T_38,T_39,T_40,T_41,T_42,T_43,d-d%addr)
    97|           T_44 = 0
                  T_45 = 0
                  T_46 = 0
                  T_47 = 0
                  T_48 = 3
                  T_49 = 3
                  CALL bvale(T_44,T_45,T_46,T_47,T_48,T_49,d-e%addr)
    98|           T_50 = js - 2
                  T_51 = js - 1
                  CALL opacity(d-e%addr,d-d%addr,gamma,d-kapr%addr,d-kap%addr,&
                &   d-sig%addr,d-dkapdt%addr,d-kem%addr,d-dkemdt%addr,is,ie,T_50,&
                &   T_51,ks,ke)
   100|           T_52 = je + 1
                  T_53 = je + 2
                  CALL opacity(d-e%addr,d-d%addr,gamma,d-kapr%addr,d-kap%addr,&
                &   d-sig%addr,d-dkapdt%addr,d-kem%addr,d-dkemdt%addr,is,ie,T_52,&
                &   T_53,ks,ke)
   102|           IF ((nreq <> 0)) THEN
                    CALL mpi_waitall(nreq,req,stat,ierr)
                  ENDIF
   103|           T_54 = ks - 2
                  T_55 = ks - 1
                  CALL opacity(d-e%addr,d-d%addr,gamma,d-kapr%addr,d-kap%addr,&
                &   d-sig%addr,d-dkapdt%addr,d-kem%addr,d-dkemdt%addr,is,ie,js,je,&
                &   T_54,T_55)
   105|           T_56 = ke + 1
                  T_57 = ke + 2
                  CALL opacity(d-e%addr,d-d%addr,gamma,d-kapr%addr,d-kap%addr,&
                &   d-sig%addr,d-dkapdt%addr,d-kem%addr,d-dkemdt%addr,is,ie,js,je,&
                &   T_56,T_57)
   110|           lab_4
   113|           lab_9
                  RETURN
                END SUBROUTINE opac_d

 
 
>>>>> OBJECT SECTION <<<<<
 GPR's set/used:   ssus ssss ssss s---  ---s ssss ssss ssss
 FPR's set/used:   ssss ssss ssss ss--  ---- ---- ---- ----
 CCR's set/used:   ss-- -sss
     | 000000                           PDEF     opac_d
    7|                                  PROC      
    0| 000000 std      FBE1FFF8   1     ST8       #stack(gr1,-8)=gr31
    0| 000004 std      FBC1FFF0   1     ST8       #stack(gr1,-16)=gr30
    0| 000008 std      FBA1FFE8   1     ST8       #stack(gr1,-24)=gr29
    0| 00000C std      FB81FFE0   1     ST8       #stack(gr1,-32)=gr28
    0| 000010 std      FB61FFD8   1     ST8       #stack(gr1,-40)=gr27
    0| 000014 std      FB41FFD0   1     ST8       #stack(gr1,-48)=gr26
    0| 000018 std      FB21FFC8   1     ST8       #stack(gr1,-56)=gr25
    0| 00001C std      FB01FFC0   1     ST8       #stack(gr1,-64)=gr24
    0| 000020 std      FAE1FFB8   1     ST8       #stack(gr1,-72)=gr23
    0| 000024 std      FAC1FFB0   1     ST8       #stack(gr1,-80)=gr22
    0| 000028 std      FAA1FFA8   1     ST8       #stack(gr1,-88)=gr21
    0| 00002C std      FA81FFA0   1     ST8       #stack(gr1,-96)=gr20
    0| 000030 std      FA61FF98   1     ST8       #stack(gr1,-104)=gr19
    0| 000034 mfspr    7C0802A6   1     LFLR      gr0=lr
    0| 000038 std      F8010010   1     ST8       #stack(gr1,16)=gr0
    0| 00003C stdu     F821FDE1   1     ST8U      gr1,#stack(gr1,-544)=gr1
   40| 000040 ld       EBE20000   1     L8        gr31=.&&N&&mpipar(gr2,0)
   42| 000044 ld       EBC20000   1     L8        gr30=.&&N&field(gr2,0)
   40| 000048 addi     3BA00000   1     LI        gr29=0
   42| 00004C addi     3B800003   1     LI        gr28=3
   42| 000050 stw      93A100C8   1     ST4Z      T_4(gr1,200)=gr29
   42| 000054 stw      938100C0   1     ST4Z      T_2(gr1,192)=gr28
   40| 000058 stw      93BF0018   1     ST4Z      <s85:d24:l4>(gr31,24)=gr29
   41| 00005C lwz      807F001C   1     L4Z       gr3=<s85:d28:l4>(gr31,28)
   42| 000060 stw      938100C4   1     ST4Z      T_3(gr1,196)=gr28
   42| 000064 stw      93A100CC   1     ST4Z      T_5(gr1,204)=gr29
   42| 000068 stw      93A100D0   1     ST4Z      T_6(gr1,208)=gr29
   42| 00006C stw      93A100D4   1     ST4Z      T_7(gr1,212)=gr29
   42| 000070 ld       E93E0000   1     L8        gr9=<s10:d0:l8>(gr30,0)
   41| 000074 addi     38030001   1     AI        gr0=gr3,1
   42| 000078 addi     390100D4   1     AI        gr8=gr1,212
   41| 00007C stw      901F001C   1     ST4Z      <s85:d28:l4>(gr31,28)=gr0
   42| 000080 addi     38E100D0   1     AI        gr7=gr1,208
   42| 000084 addi     38C100CC   1     AI        gr6=gr1,204
   42| 000088 addi     38A100C8   1     AI        gr5=gr1,200
   42| 00008C addi     388100C4   1     AI        gr4=gr1,196
   42| 000090 addi     386100C0   1     AI        gr3=gr1,192
   42| 000094 bl       48000001   1     CALL      bvald,7,T_2",gr3,T_3",gr4,T_4",gr5,T_5",gr6,T_6",gr7,T_7",gr8,d",gr9,#ProcAlias",bvald",fcr",#MX_TEMP1",gr1,cr[01567]",gr0",gr3"-gr12",fp0"-fp13",mq",lr",xer",fsr",ca",ctr"
   42| 000098 ori      60000000   1
   43| 00009C stw      938100D8   1     ST4Z      T_8(gr1,216)=gr28
   43| 0000A0 stw      938100DC   1     ST4Z      T_9(gr1,220)=gr28
   43| 0000A4 stw      93A100E0   1     ST4Z      T_10(gr1,224)=gr29
   43| 0000A8 stw      93A100E4   1     ST4Z      T_11(gr1,228)=gr29
   43| 0000AC stw      93A100E8   1     ST4Z      T_12(gr1,232)=gr29
   43| 0000B0 stw      93A100EC   1     ST4Z      T_13(gr1,236)=gr29
   43| 0000B4 ld       E93E0068   1     L8        gr9=<s10:d104:l8>(gr30,104)
   43| 0000B8 addi     390100EC   1     AI        gr8=gr1,236
   43| 0000BC addi     38E100E8   1     AI        gr7=gr1,232
   43| 0000C0 addi     38C100E4   1     AI        gr6=gr1,228
   43| 0000C4 addi     38A100E0   1     AI        gr5=gr1,224
   43| 0000C8 addi     388100DC   1     AI        gr4=gr1,220
   43| 0000CC addi     386100D8   1     AI        gr3=gr1,216
   43| 0000D0 bl       48000001   1     CALL      bvale,7,T_8",gr3,T_9",gr4,T_10",gr5,T_11",gr6,T_12",gr7,T_13",gr8,e",gr9,bvale",fcr",#MX_TEMP1",gr1,cr[01567]",gr0",gr3"-gr12",fp0"-fp13",mq",lr",xer",fsr",ca",ctr"
   43| 0000D4 ori      60000000   1
   47| 0000D8 ld       EB620000   1     L8        gr27=.&&N&opac(gr2,0)
   47| 0000DC ld       EB420000   1     L8        gr26=.&&N&&grid(gr2,0)
   47| 0000E0 ld       EB220000   1     L8        gr25=.&&N&&root(gr2,0)
   47| 0000E4 ld       E87E0068   1     L8        gr3=<s10:d104:l8>(gr30,104)
   47| 0000E8 ld       E89E0000   1     L8        gr4=<s10:d0:l8>(gr30,0)
   47| 0000EC ld       E81B04E0   1     L8        gr0=<s30:d1248:l8>(gr27,1248)
   47| 0000F0 addi     3B1A0014   1     AI        gr24=gr26,20
   47| 0000F4 addi     3AFA0010   1     AI        gr23=gr26,16
   47| 0000F8 addi     3ADA000C   1     AI        gr22=gr26,12
   47| 0000FC std      FB410078   1     ST8       #MX_TEMP1(gr1,120)=gr26
   47| 000100 std      FAC10090   1     ST8       #MX_TEMP1(gr1,144)=gr22
   47| 000104 addi     3ABA0008   1     AI        gr21=gr26,8
   47| 000108 addi     3A7A0004   1     AI        gr19=gr26,4
   47| 00010C std      FB0100A0   1     ST8       #MX_TEMP1(gr1,160)=gr24
   47| 000110 std      F8010070   1     ST8       #MX_TEMP1(gr1,112)=gr0
   47| 000114 ld       E8DB03A8   1     L8        gr6=<s30:d936:l8>(gr27,936)
   47| 000118 ld       E8FB0068   1     L8        gr7=<s30:d104:l8>(gr27,104)
   47| 00011C ld       E91B00D0   1     L8        gr8=<s30:d208:l8>(gr27,208)
   47| 000120 std      FA610080   1     ST8       #MX_TEMP1(gr1,128)=gr19
   47| 000124 ld       E93B0340   1     L8        gr9=<s30:d832:l8>(gr27,832)
   47| 000128 ld       E95B0410   1     L8        gr10=<s30:d1040:l8>(gr27,1040)
   47| 00012C addi     38B900E0   1     AI        gr5=gr25,224
   47| 000130 std      FAA10088   1     ST8       #MX_TEMP1(gr1,136)=gr21
   47| 000134 std      FAE10098   1     ST8       #MX_TEMP1(gr1,152)=gr23
   47| 000138 bl       48000001   1     CALL      opacity,15,e",gr3,d",gr4,gamma",gr5,kapr",gr6,kap",gr7,sig",gr8,dkapdt",gr9,kem",gr10,dkemdt",is",ie",js",je",ks",ke",opacity",fcr",#MX_TEMP1",gr1,cr[01567]",gr0",gr3"-gr12",fp0"-fp13",mq",lr",xer",fsr",ca",ctr"
   47| 00013C ori      60000000   1
   52| 000140 lwz      801F0018   1     L4Z       gr0=<s85:d24:l4>(gr31,24)
   52| 000144 cmpdi    2C200000   1     C8        cr0=gr0,0
   52| 000148 bc       4182001C   1     BT        CL.1,cr0,0x4/eq,taken=60%(60,40)
   52| 00014C ld       E8A20000   1     L8        gr5=.&&N&&mpiyes(gr2,0)
   52| 000150 addi     38DF0014   1     AI        gr6=gr31,20
   52| 000154 addi     387F0018   1     AI        gr3=gr31,24
   52| 000158 addi     38851770   1     AI        gr4=gr5,6000
   52| 00015C bl       48000001   1     CALL      mpi_waitall,4,nreq",gr3,req[]",gr4,stat[]",gr5,ierr",gr6,mpi_waitall",fcr",#MX_TEMP1",gr1,cr[01567]",gr0",gr3"-gr12",fp0"-fp13",mq",lr",xer",fsr",ca",ctr"
   52| 000160 ori      60000000   1
   52|                              CL.1:
   53| 000164 ld       EA820000   1     L8        gr20=.&&N&&config(gr2,0)
   53| 000168 lwz      80140004   1     L4Z       gr0=<s127:d4:l4>(gr20,4)
   53| 00016C cmpwi    2C000001   1     C4        cr0=gr0,1
   53| 000170 bc       418204DC   1     BT        CL.12,cr0,0x4/eq,taken=30%(30,70)
   64| 000174 bc       40810478   1     BF        CL.10,cr0,0x2/gt,taken=30%(30,70)
   70| 000178 stw      93A10100   1     ST4Z      T_18(gr1,256)=gr29
   70| 00017C stw      93A10104   1     ST4Z      T_19(gr1,260)=gr29
   68| 000180 stw      93BF0018   1     ST4Z      <s85:d24:l4>(gr31,24)=gr29
   70| 000184 stw      93810108   1     ST4Z      T_20(gr1,264)=gr28
   70| 000188 stw      9381010C   1     ST4Z      T_21(gr1,268)=gr28
   69| 00018C lwz      807F001C   1     L4Z       gr3=<s85:d28:l4>(gr31,28)
   70| 000190 stw      93A10110   1     ST4Z      T_22(gr1,272)=gr29
   70| 000194 stw      93A10114   1     ST4Z      T_23(gr1,276)=gr29
   70| 000198 ld       E93E0000   1     L8        gr9=<s10:d0:l8>(gr30,0)
   70| 00019C addi     39010114   1     AI        gr8=gr1,276
   70| 0001A0 addi     38E10110   1     AI        gr7=gr1,272
   69| 0001A4 addi     38030001   1     AI        gr0=gr3,1
   70| 0001A8 addi     38C1010C   1     AI        gr6=gr1,268
   69| 0001AC stw      901F001C   1     ST4Z      <s85:d28:l4>(gr31,28)=gr0
   70| 0001B0 addi     38A10108   1     AI        gr5=gr1,264
   70| 0001B4 addi     38810104   1     AI        gr4=gr1,260
   70| 0001B8 addi     38610100   1     AI        gr3=gr1,256
   70| 0001BC bl       48000001   1     CALL      bvald,7,T_18",gr3,T_19",gr4,T_20",gr5,T_21",gr6,T_22",gr7,T_23",gr8,d",gr9,#ProcAlias",bvald",fcr",#MX_TEMP1",gr1,cr[01567]",gr0",gr3"-gr12",fp0"-fp13",mq",lr",xer",fsr",ca",ctr"
   70| 0001C0 ori      60000000   1
   71| 0001C4 addi     38610118   1     AI        gr3=gr1,280
   71| 0001C8 stw      93A10118   1     ST4Z      T_24(gr1,280)=gr29
   71| 0001CC stw      93A1011C   1     ST4Z      T_25(gr1,284)=gr29
   71| 0001D0 stw      93810120   1     ST4Z      T_26(gr1,288)=gr28
   71| 0001D4 stw      93810124   1     ST4Z      T_27(gr1,292)=gr28
   71| 0001D8 stw      93A10128   1     ST4Z      T_28(gr1,296)=gr29
   71| 0001DC stw      93A1012C   1     ST4Z      T_29(gr1,300)=gr29
   71| 0001E0 ld       E93E0068   1     L8        gr9=<s10:d104:l8>(gr30,104)
   71| 0001E4 addi     3901012C   1     AI        gr8=gr1,300
   71| 0001E8 addi     38E10128   1     AI        gr7=gr1,296
   71| 0001EC addi     38C10124   1     AI        gr6=gr1,292
   71| 0001F0 addi     38A10120   1     AI        gr5=gr1,288
   71| 0001F4 addi     3881011C   1     AI        gr4=gr1,284
   71| 0001F8 bl       48000001   1     CALL      bvale,7,T_24",gr3,T_25",gr4,T_26",gr5,T_27",gr6,T_28",gr7,T_29",gr8,e",gr9,bvale",fcr",#MX_TEMP1",gr1,cr[01567]",gr0",gr3"-gr12",fp0"-fp13",mq",lr",xer",fsr",ca",ctr"
   71| 0001FC ori      60000000   1
   75| 000200 lwz      807A0000   1     L4Z       gr3=<s108:d0:l4>(gr26,0)
   75| 000204 ld       E81B04E0   1     L8        gr0=<s30:d1248:l8>(gr27,1248)
   75| 000208 addi     38810130   1     AI        gr4=gr1,304
   75| 00020C std      FAA10088   1     ST8       #MX_TEMP1(gr1,136)=gr21
   75| 000210 std      FAC10090   1     ST8       #MX_TEMP1(gr1,144)=gr22
   75| 000214 std      FAE10098   1     ST8       #MX_TEMP1(gr1,152)=gr23
   75| 000218 addi     38A3FFFE   1     AI        gr5=gr3,-2
   75| 00021C addi     3863FFFF   1     AI        gr3=gr3,-1
   75| 000220 std      F8010070   1     ST8       #MX_TEMP1(gr1,112)=gr0
   75| 000224 addi     38010134   1     AI        gr0=gr1,308
   75| 000228 stw      90610134   1     ST4Z      T_31(gr1,308)=gr3
   75| 00022C ld       E87E0068   1     L8        gr3=<s10:d104:l8>(gr30,104)
   75| 000230 std      FB0100A0   1     ST8       #MX_TEMP1(gr1,160)=gr24
   75| 000234 stw      90A10130   1     ST4Z      T_30(gr1,304)=gr5
   75| 000238 std      F8810078   1     ST8       #MX_TEMP1(gr1,120)=gr4
   75| 00023C std      F8010080   1     ST8       #MX_TEMP1(gr1,128)=gr0
   75| 000240 ld       E89E0000   1     L8        gr4=<s10:d0:l8>(gr30,0)
   75| 000244 ld       E8DB03A8   1     L8        gr6=<s30:d936:l8>(gr27,936)
   75| 000248 ld       E8FB0068   1     L8        gr7=<s30:d104:l8>(gr27,104)
   75| 00024C ld       E91B00D0   1     L8        gr8=<s30:d208:l8>(gr27,208)
   75| 000250 ld       E93B0340   1     L8        gr9=<s30:d832:l8>(gr27,832)
   75| 000254 ld       E95B0410   1     L8        gr10=<s30:d1040:l8>(gr27,1040)
   75| 000258 addi     38B900E0   1     AI        gr5=gr25,224
   75| 00025C bl       48000001   1     CALL      opacity,15,e",gr3,d",gr4,gamma",gr5,kapr",gr6,kap",gr7,sig",gr8,dkapdt",gr9,kem",gr10,dkemdt",T_30",T_31",js",je",ks",ke",opacity",fcr",#MX_TEMP1",gr1,cr[01567]",gr0",gr3"-gr12",fp0"-fp13",mq",lr",xer",fsr",ca",ctr"
   75| 000260 ori      60000000   1
   77| 000264 lwz      807A0004   1     L4Z       gr3=<s108:d4:l4>(gr26,4)
   77| 000268 addi     3801013C   1     AI        gr0=gr1,316
   77| 00026C ld       E8BB04E0   1     L8        gr5=<s30:d1248:l8>(gr27,1248)
   77| 000270 std      F8010080   1     ST8       #MX_TEMP1(gr1,128)=gr0
   77| 000274 addi     38810138   1     AI        gr4=gr1,312
   77| 000278 std      FAA10088   1     ST8       #MX_TEMP1(gr1,136)=gr21
   77| 00027C addi     38030001   1     AI        gr0=gr3,1
   77| 000280 std      FAC10090   1     ST8       #MX_TEMP1(gr1,144)=gr22
   77| 000284 stw      90010138   1     ST4Z      T_32(gr1,312)=gr0
   77| 000288 addi     38030002   1     AI        gr0=gr3,2
   77| 00028C std      FAE10098   1     ST8       #MX_TEMP1(gr1,152)=gr23
   77| 000290 std      FB0100A0   1     ST8       #MX_TEMP1(gr1,160)=gr24
   77| 000294 std      F8810078   1     ST8       #MX_TEMP1(gr1,120)=gr4
   77| 000298 std      F8A10070   1     ST8       #MX_TEMP1(gr1,112)=gr5
   77| 00029C ld       E87E0068   1     L8        gr3=<s10:d104:l8>(gr30,104)
   77| 0002A0 stw      9001013C   1     ST4Z      T_33(gr1,316)=gr0
   77| 0002A4 ld       E89E0000   1     L8        gr4=<s10:d0:l8>(gr30,0)
   77| 0002A8 ld       E8DB03A8   1     L8        gr6=<s30:d936:l8>(gr27,936)
   77| 0002AC ld       E8FB0068   1     L8        gr7=<s30:d104:l8>(gr27,104)
   77| 0002B0 ld       E91B00D0   1     L8        gr8=<s30:d208:l8>(gr27,208)
   77| 0002B4 ld       E93B0340   1     L8        gr9=<s30:d832:l8>(gr27,832)
   77| 0002B8 ld       E95B0410   1     L8        gr10=<s30:d1040:l8>(gr27,1040)
   77| 0002BC addi     38B900E0   1     AI        gr5=gr25,224
   77| 0002C0 bl       48000001   1     CALL      opacity,15,e",gr3,d",gr4,gamma",gr5,kapr",gr6,kap",gr7,sig",gr8,dkapdt",gr9,kem",gr10,dkemdt",T_32",T_33",js",je",ks",ke",opacity",fcr",#MX_TEMP1",gr1,cr[01567]",gr0",gr3"-gr12",fp0"-fp13",mq",lr",xer",fsr",ca",ctr"
   77| 0002C4 ori      60000000   1
   82| 0002C8 lwz      801F0018   1     L4Z       gr0=<s85:d24:l4>(gr31,24)
   82| 0002CC cmpdi    2C200000   1     C8        cr0=gr0,0
   82| 0002D0 bc       4182001C   1     BT        CL.5,cr0,0x4/eq,taken=60%(60,40)
   82| 0002D4 ld       E8A20000   1     L8        gr5=.&&N&&mpiyes(gr2,0)
   82| 0002D8 addi     38DF0014   1     AI        gr6=gr31,20
   82| 0002DC addi     387F0018   1     AI        gr3=gr31,24
   82| 0002E0 addi     38851770   1     AI        gr4=gr5,6000
   82| 0002E4 bl       48000001   1     CALL      mpi_waitall,4,nreq",gr3,req[]",gr4,stat[]",gr5,ierr",gr6,mpi_waitall",fcr",#MX_TEMP1",gr1,cr[01567]",gr0",gr3"-gr12",fp0"-fp13",mq",lr",xer",fsr",ca",ctr"
   82| 0002E8 ori      60000000   1
   82|                              CL.5:
   83| 0002EC lwz      80740004   1     L4Z       gr3=<s127:d4:l4>(gr20,4)
    0| 0002F0 ld       E81E0000   1     L8        gr0=<s10:d0:l8>(gr30,0)
   83| 0002F4 cmpwi    2C030002   1     C4        cr0=gr3,2
   83| 0002F8 bc       4182022C   1     BT        CL.14,cr0,0x4/eq,taken=30%(30,70)
   96| 0002FC stw      93A10150   1     ST4Z      T_38(gr1,336)=gr29
   94| 000300 stw      93BF0018   1     ST4Z      <s85:d24:l4>(gr31,24)=gr29
   96| 000304 stw      93A10154   1     ST4Z      T_39(gr1,340)=gr29
   96| 000308 stw      93A10158   1     ST4Z      T_40(gr1,344)=gr29
   96| 00030C stw      93A1015C   1     ST4Z      T_41(gr1,348)=gr29
   95| 000310 lwz      807F001C   1     L4Z       gr3=<s85:d28:l4>(gr31,28)
   96| 000314 stw      93810160   1     ST4Z      T_42(gr1,352)=gr28
   96| 000318 stw      93810164   1     ST4Z      T_43(gr1,356)=gr28
   96| 00031C addi     39010164   1     AI        gr8=gr1,356
   96| 000320 addi     38E10160   1     AI        gr7=gr1,352
   96| 000324 addi     38C1015C   1     AI        gr6=gr1,348
   95| 000328 addi     38630001   1     AI        gr3=gr3,1
   96| 00032C addi     38A10158   1     AI        gr5=gr1,344
   95| 000330 stw      907F001C   1     ST4Z      <s85:d28:l4>(gr31,28)=gr3
   96| 000334 addi     38810154   1     AI        gr4=gr1,340
   96| 000338 addi     38610150   1     AI        gr3=gr1,336
   96| 00033C or       7C090378   1     LR        gr9=gr0
   96| 000340 bl       48000001   1     CALL      bvald,7,T_38",gr3,T_39",gr4,T_40",gr5,T_41",gr6,T_42",gr7,T_43",gr8,d",gr9,#ProcAlias",bvald",fcr",#MX_TEMP1",gr1,cr[01567]",gr0",gr3"-gr12",fp0"-fp13",mq",lr",xer",fsr",ca",ctr"
   96| 000344 ori      60000000   1
   97| 000348 stw      93A10168   1     ST4Z      T_44(gr1,360)=gr29
   97| 00034C stw      93A1016C   1     ST4Z      T_45(gr1,364)=gr29
   97| 000350 stw      93A10170   1     ST4Z      T_46(gr1,368)=gr29
   97| 000354 addi     38610168   1     AI        gr3=gr1,360
   97| 000358 stw      93A10174   1     ST4Z      T_47(gr1,372)=gr29
   97| 00035C stw      93810178   1     ST4Z      T_48(gr1,376)=gr28
   97| 000360 stw      9381017C   1     ST4Z      T_49(gr1,380)=gr28
   97| 000364 ld       E93E0068   1     L8        gr9=<s10:d104:l8>(gr30,104)
   97| 000368 addi     3901017C   1     AI        gr8=gr1,380
   97| 00036C addi     38E10178   1     AI        gr7=gr1,376
   97| 000370 addi     38C10174   1     AI        gr6=gr1,372
   97| 000374 addi     38A10170   1     AI        gr5=gr1,368
   97| 000378 addi     3881016C   1     AI        gr4=gr1,364
   97| 00037C bl       48000001   1     CALL      bvale,7,T_44",gr3,T_45",gr4,T_46",gr5,T_47",gr6,T_48",gr7,T_49",gr8,e",gr9,bvale",fcr",#MX_TEMP1",gr1,cr[01567]",gr0",gr3"-gr12",fp0"-fp13",mq",lr",xer",fsr",ca",ctr"
   97| 000380 ori      60000000   1
   98| 000384 std      FB410078   1     ST8       #MX_TEMP1(gr1,120)=gr26
   98| 000388 addi     38B900E0   1     AI        gr5=gr25,224
   98| 00038C std      FA610080   1     ST8       #MX_TEMP1(gr1,128)=gr19
   98| 000390 std      FAE10098   1     ST8       #MX_TEMP1(gr1,152)=gr23
   98| 000394 lwz      807A0008   1     L4Z       gr3=<s108:d8:l4>(gr26,8)
   98| 000398 ld       E81B04E0   1     L8        gr0=<s30:d1248:l8>(gr27,1248)
   98| 00039C std      FB0100A0   1     ST8       #MX_TEMP1(gr1,160)=gr24
   98| 0003A0 ld       E8DB03A8   1     L8        gr6=<s30:d936:l8>(gr27,936)
   98| 0003A4 ld       E8FB0068   1     L8        gr7=<s30:d104:l8>(gr27,104)
   98| 0003A8 ld       E91B00D0   1     L8        gr8=<s30:d208:l8>(gr27,208)
   98| 0003AC addi     3883FFFE   1     AI        gr4=gr3,-2
   98| 0003B0 std      F8010070   1     ST8       #MX_TEMP1(gr1,112)=gr0
   98| 0003B4 stw      90810180   1     ST4Z      T_50(gr1,384)=gr4
   98| 0003B8 addi     3803FFFF   1     AI        gr0=gr3,-1
   98| 0003BC addi     38610184   1     AI        gr3=gr1,388
   98| 0003C0 stw      90010184   1     ST4Z      T_51(gr1,388)=gr0
   98| 0003C4 std      F8610090   1     ST8       #MX_TEMP1(gr1,144)=gr3
   98| 0003C8 addi     38610180   1     AI        gr3=gr1,384
   98| 0003CC ld       E89E0000   1     L8        gr4=<s10:d0:l8>(gr30,0)
   98| 0003D0 std      F8610088   1     ST8       #MX_TEMP1(gr1,136)=gr3
   98| 0003D4 ld       E87E0068   1     L8        gr3=<s10:d104:l8>(gr30,104)
   98| 0003D8 ld       E93B0340   1     L8        gr9=<s30:d832:l8>(gr27,832)
   98| 0003DC ld       E95B0410   1     L8        gr10=<s30:d1040:l8>(gr27,1040)
   98| 0003E0 bl       48000001   1     CALL      opacity,15,e",gr3,d",gr4,gamma",gr5,kapr",gr6,kap",gr7,sig",gr8,dkapdt",gr9,kem",gr10,dkemdt",is",ie",T_50",T_51",ks",ke",opacity",fcr",#MX_TEMP1",gr1,cr[01567]",gr0",gr3"-gr12",fp0"-fp13",mq",lr",xer",fsr",ca",ctr"
   98| 0003E4 ori      60000000   1
  100| 0003E8 lwz      80BA000C   1     L4Z       gr5=<s108:d12:l4>(gr26,12)
  100| 0003EC ld       E81B04E0   1     L8        gr0=<s30:d1248:l8>(gr27,1248)
  100| 0003F0 addi     39610188   1     AI        gr11=gr1,392
  100| 0003F4 std      FAE10098   1     ST8       #MX_TEMP1(gr1,152)=gr23
  100| 0003F8 std      FB0100A0   1     ST8       #MX_TEMP1(gr1,160)=gr24
  100| 0003FC std      FB410078   1     ST8       #MX_TEMP1(gr1,120)=gr26
  100| 000400 addi     39050001   1     AI        gr8=gr5,1
  100| 000404 std      F8010070   1     ST8       #MX_TEMP1(gr1,112)=gr0
  100| 000408 addi     38050002   1     AI        gr0=gr5,2
  100| 00040C std      FA610080   1     ST8       #MX_TEMP1(gr1,128)=gr19
  100| 000410 stw      9001018C   1     ST4Z      T_53(gr1,396)=gr0
  100| 000414 addi     3801018C   1     AI        gr0=gr1,396
  100| 000418 ld       E87E0068   1     L8        gr3=<s10:d104:l8>(gr30,104)
  100| 00041C ld       E89E0000   1     L8        gr4=<s10:d0:l8>(gr30,0)
  100| 000420 ld       E8DB03A8   1     L8        gr6=<s30:d936:l8>(gr27,936)
  100| 000424 ld       E8FB0068   1     L8        gr7=<s30:d104:l8>(gr27,104)
  100| 000428 stw      91010188   1     ST4Z      T_52(gr1,392)=gr8
  100| 00042C ld       E91B00D0   1     L8        gr8=<s30:d208:l8>(gr27,208)
  100| 000430 ld       E93B0340   1     L8        gr9=<s30:d832:l8>(gr27,832)
  100| 000434 ld       E95B0410   1     L8        gr10=<s30:d1040:l8>(gr27,1040)
  100| 000438 addi     38B900E0   1     AI        gr5=gr25,224
  100| 00043C std      F8010090   1     ST8       #MX_TEMP1(gr1,144)=gr0
  100| 000440 std      F9610088   1     ST8       #MX_TEMP1(gr1,136)=gr11
  100| 000444 bl       48000001   1     CALL      opacity,15,e",gr3,d",gr4,gamma",gr5,kapr",gr6,kap",gr7,sig",gr8,dkapdt",gr9,kem",gr10,dkemdt",is",ie",T_52",T_53",ks",ke",opacity",fcr",#MX_TEMP1",gr1,cr[01567]",gr0",gr3"-gr12",fp0"-fp13",mq",lr",xer",fsr",ca",ctr"
  100| 000448 ori      60000000   1
  102| 00044C lwz      801F0018   1     L4Z       gr0=<s85:d24:l4>(gr31,24)
  102| 000450 cmpdi    2C200000   1     C8        cr0=gr0,0
  102| 000454 bc       408201DC   1     BF        CL.15,cr0,0x4/eq,taken=40%(40,60)
  102|                              CL.8:
  103| 000458 std      FAC10090   1     ST8       #MX_TEMP1(gr1,144)=gr22
  103| 00045C lwz      807A0010   1     L4Z       gr3=<s108:d16:l4>(gr26,16)
  103| 000460 addi     38010194   1     AI        gr0=gr1,404
  103| 000464 std      FAA10088   1     ST8       #MX_TEMP1(gr1,136)=gr21
  103| 000468 std      F80100A0   1     ST8       #MX_TEMP1(gr1,160)=gr0
  103| 00046C ld       E8BB04E0   1     L8        gr5=<s30:d1248:l8>(gr27,1248)
  103| 000470 addi     38010190   1     AI        gr0=gr1,400
  103| 000474 addi     3883FFFE   1     AI        gr4=gr3,-2
  103| 000478 std      FB410078   1     ST8       #MX_TEMP1(gr1,120)=gr26
  103| 00047C stw      90810190   1     ST4Z      T_54(gr1,400)=gr4
  103| 000480 std      F8010098   1     ST8       #MX_TEMP1(gr1,152)=gr0
  103| 000484 addi     3863FFFF   1     AI        gr3=gr3,-1
  103| 000488 std      FA610080   1     ST8       #MX_TEMP1(gr1,128)=gr19
  103| 00048C stw      90610194   1     ST4Z      T_55(gr1,404)=gr3
  103| 000490 ld       E87E0068   1     L8        gr3=<s10:d104:l8>(gr30,104)
  103| 000494 std      F8A10070   1     ST8       #MX_TEMP1(gr1,112)=gr5
  103| 000498 ld       E89E0000   1     L8        gr4=<s10:d0:l8>(gr30,0)
  103| 00049C ld       E8DB03A8   1     L8        gr6=<s30:d936:l8>(gr27,936)
  103| 0004A0 ld       E8FB0068   1     L8        gr7=<s30:d104:l8>(gr27,104)
  103| 0004A4 ld       E91B00D0   1     L8        gr8=<s30:d208:l8>(gr27,208)
  103| 0004A8 ld       E93B0340   1     L8        gr9=<s30:d832:l8>(gr27,832)
  103| 0004AC ld       E95B0410   1     L8        gr10=<s30:d1040:l8>(gr27,1040)
  103| 0004B0 addi     38B900E0   1     AI        gr5=gr25,224
  103| 0004B4 bl       48000001   1     CALL      opacity,15,e",gr3,d",gr4,gamma",gr5,kapr",gr6,kap",gr7,sig",gr8,dkapdt",gr9,kem",gr10,dkemdt",is",ie",js",je",T_54",T_55",opacity",fcr",#MX_TEMP1",gr1,cr[01567]",gr0",gr3"-gr12",fp0"-fp13",mq",lr",xer",fsr",ca",ctr"
  103| 0004B8 ori      60000000   1
  105| 0004BC addi     38810198   1     AI        gr4=gr1,408
  105| 0004C0 std      FB410078   1     ST8       #MX_TEMP1(gr1,120)=gr26
  105| 0004C4 std      FAC10090   1     ST8       #MX_TEMP1(gr1,144)=gr22
  105| 0004C8 lwz      807A0014   1     L4Z       gr3=<s108:d20:l4>(gr26,20)
  105| 0004CC std      F8810098   1     ST8       #MX_TEMP1(gr1,152)=gr4
  105| 0004D0 ld       E8BB04E0   1     L8        gr5=<s30:d1248:l8>(gr27,1248)
  105| 0004D4 addi     3801019C   1     AI        gr0=gr1,412
  105| 0004D8 std      FA610080   1     ST8       #MX_TEMP1(gr1,128)=gr19
  105| 0004DC std      FAA10088   1     ST8       #MX_TEMP1(gr1,136)=gr21
  105| 0004E0 addi     38C30001   1     AI        gr6=gr3,1
  105| 0004E4 addi     38630002   1     AI        gr3=gr3,2
  105| 0004E8 stw      90C10198   1     ST4Z      T_56(gr1,408)=gr6
  105| 0004EC stw      9061019C   1     ST4Z      T_57(gr1,412)=gr3
  105| 0004F0 ld       E87E0068   1     L8        gr3=<s10:d104:l8>(gr30,104)
  105| 0004F4 ld       E89E0000   1     L8        gr4=<s10:d0:l8>(gr30,0)
  105| 0004F8 ld       E8DB03A8   1     L8        gr6=<s30:d936:l8>(gr27,936)
  105| 0004FC ld       E8FB0068   1     L8        gr7=<s30:d104:l8>(gr27,104)
  105| 000500 ld       E91B00D0   1     L8        gr8=<s30:d208:l8>(gr27,208)
  105| 000504 std      F8A10070   1     ST8       #MX_TEMP1(gr1,112)=gr5
  105| 000508 ld       E93B0340   1     L8        gr9=<s30:d832:l8>(gr27,832)
  105| 00050C ld       E95B0410   1     L8        gr10=<s30:d1040:l8>(gr27,1040)
  105| 000510 std      F80100A0   1     ST8       #MX_TEMP1(gr1,160)=gr0
  105| 000514 addi     38B900E0   1     AI        gr5=gr25,224
  105| 000518 bl       48000001   1     CALL      opacity,15,e",gr3,d",gr4,gamma",gr5,kapr",gr6,kap",gr7,sig",gr8,dkapdt",gr9,kem",gr10,dkemdt",is",ie",js",je",T_56",T_57",opacity",fcr",#MX_TEMP1",gr1,cr[01567]",gr0",gr3"-gr12",fp0"-fp13",mq",lr",xer",fsr",ca",ctr"
  105| 00051C ori      60000000   1
   92| 000520 b        480000CC   1     B         CL.10,-1
    0|                              CL.14:
   87| 000524 ld       E89B04E0   1     L8        gr4=<s30:d1248:l8>(gr27,1248)
   87| 000528 addi     38A10144   1     AI        gr5=gr1,324
   87| 00052C std      FB410078   1     ST8       #MX_TEMP1(gr1,120)=gr26
   87| 000530 std      F8A10090   1     ST8       #MX_TEMP1(gr1,144)=gr5
   87| 000534 addi     38C10140   1     AI        gr6=gr1,320
   87| 000538 std      FB0100A0   1     ST8       #MX_TEMP1(gr1,160)=gr24
   87| 00053C std      F8C10088   1     ST8       #MX_TEMP1(gr1,136)=gr6
   87| 000540 lwz      807A0008   1     L4Z       gr3=<s108:d8:l4>(gr26,8)
   87| 000544 std      FA610080   1     ST8       #MX_TEMP1(gr1,128)=gr19
   87| 000548 std      FAE10098   1     ST8       #MX_TEMP1(gr1,152)=gr23
   87| 00054C ld       E8DB03A8   1     L8        gr6=<s30:d936:l8>(gr27,936)
   87| 000550 ld       E8FB0068   1     L8        gr7=<s30:d104:l8>(gr27,104)
   87| 000554 std      F8810070   1     ST8       #MX_TEMP1(gr1,112)=gr4
   87| 000558 addi     38A3FFFE   1     AI        gr5=gr3,-2
   87| 00055C addi     3863FFFF   1     AI        gr3=gr3,-1
   87| 000560 stw      90A10140   1     ST4Z      T_34(gr1,320)=gr5
   87| 000564 stw      90610144   1     ST4Z      T_35(gr1,324)=gr3
   87| 000568 ld       E87E0068   1     L8        gr3=<s10:d104:l8>(gr30,104)
   87| 00056C ld       E91B00D0   1     L8        gr8=<s30:d208:l8>(gr27,208)
   87| 000570 ld       E93B0340   1     L8        gr9=<s30:d832:l8>(gr27,832)
   87| 000574 ld       E95B0410   1     L8        gr10=<s30:d1040:l8>(gr27,1040)
   87| 000578 or       7C040378   1     LR        gr4=gr0
   87| 00057C addi     38B900E0   1     AI        gr5=gr25,224
   87| 000580 bl       48000001   1     CALL      opacity,15,e",gr3,d",gr4,gamma",gr5,kapr",gr6,kap",gr7,sig",gr8,dkapdt",gr9,kem",gr10,dkemdt",is",ie",T_34",T_35",ks",ke",opacity",fcr",#MX_TEMP1",gr1,cr[01567]",gr0",gr3"-gr12",fp0"-fp13",mq",lr",xer",fsr",ca",ctr"
   87| 000584 ori      60000000   1
   89| 000588 std      FB410078   1     ST8       #MX_TEMP1(gr1,120)=gr26
   89| 00058C std      FB0100A0   1     ST8       #MX_TEMP1(gr1,160)=gr24
   89| 000590 lwz      807A000C   1     L4Z       gr3=<s108:d12:l4>(gr26,12)
   89| 000594 addi     3881014C   1     AI        gr4=gr1,332
   89| 000598 addi     38010148   1     AI        gr0=gr1,328
   89| 00059C std      F8810090   1     ST8       #MX_TEMP1(gr1,144)=gr4
   89| 0005A0 std      FAE10098   1     ST8       #MX_TEMP1(gr1,152)=gr23
   89| 0005A4 ld       E8BB04E0   1     L8        gr5=<s30:d1248:l8>(gr27,1248)
   89| 0005A8 addi     38830001   1     AI        gr4=gr3,1
   89| 0005AC std      F8010088   1     ST8       #MX_TEMP1(gr1,136)=gr0
   89| 0005B0 addi     38630002   1     AI        gr3=gr3,2
   89| 0005B4 std      FA610080   1     ST8       #MX_TEMP1(gr1,128)=gr19
   89| 0005B8 stw      90810148   1     ST4Z      T_36(gr1,328)=gr4
   89| 0005BC stw      9061014C   1     ST4Z      T_37(gr1,332)=gr3
   89| 0005C0 ld       E87E0068   1     L8        gr3=<s10:d104:l8>(gr30,104)
   89| 0005C4 ld       E89E0000   1     L8        gr4=<s10:d0:l8>(gr30,0)
   89| 0005C8 ld       E8DB03A8   1     L8        gr6=<s30:d936:l8>(gr27,936)
   89| 0005CC ld       E8FB0068   1     L8        gr7=<s30:d104:l8>(gr27,104)
   89| 0005D0 std      F8A10070   1     ST8       #MX_TEMP1(gr1,112)=gr5
   89| 0005D4 ld       E91B00D0   1     L8        gr8=<s30:d208:l8>(gr27,208)
   89| 0005D8 ld       E93B0340   1     L8        gr9=<s30:d832:l8>(gr27,832)
   89| 0005DC ld       E95B0410   1     L8        gr10=<s30:d1040:l8>(gr27,1040)
   89| 0005E0 addi     38B900E0   1     AI        gr5=gr25,224
   89| 0005E4 bl       48000001   1     CALL      opacity,15,e",gr3,d",gr4,gamma",gr5,kapr",gr6,kap",gr7,sig",gr8,dkapdt",gr9,kem",gr10,dkemdt",is",ie",T_36",T_37",ks",ke",opacity",fcr",#MX_TEMP1",gr1,cr[01567]",gr0",gr3"-gr12",fp0"-fp13",mq",lr",xer",fsr",ca",ctr"
   89| 0005E8 ori      60000000   1
  113|                              CL.10:
  113| 0005EC ld       E9810230   1     L8        gr12=#stack(gr1,560)
  113| 0005F0 addi     38210220   1     AI        gr1=gr1,544
  113| 0005F4 ld       EA61FF98   1     L8        gr19=#stack(gr1,-104)
  113| 0005F8 ld       EA81FFA0   1     L8        gr20=#stack(gr1,-96)
  113| 0005FC ld       EAA1FFA8   1     L8        gr21=#stack(gr1,-88)
  113| 000600 mtspr    7D8803A6   1     LLR       lr=gr12
  113| 000604 ld       EAC1FFB0   1     L8        gr22=#stack(gr1,-80)
  113| 000608 ld       EAE1FFB8   1     L8        gr23=#stack(gr1,-72)
  113| 00060C ld       EB01FFC0   1     L8        gr24=#stack(gr1,-64)
  113| 000610 ld       EB21FFC8   1     L8        gr25=#stack(gr1,-56)
  113| 000614 ld       EB41FFD0   1     L8        gr26=#stack(gr1,-48)
  113| 000618 ld       EB61FFD8   1     L8        gr27=#stack(gr1,-40)
  113| 00061C ld       EB81FFE0   1     L8        gr28=#stack(gr1,-32)
  113| 000620 ld       EBA1FFE8   1     L8        gr29=#stack(gr1,-24)
  113| 000624 ld       EBC1FFF0   1     L8        gr30=#stack(gr1,-16)
  113| 000628 ld       EBE1FFF8   1     L8        gr31=#stack(gr1,-8)
  113| 00062C bclr     4E800020   1     BA        lr
    0|                              CL.15:
  102| 000630 ld       E8A20000   1     L8        gr5=.&&N&&mpiyes(gr2,0)
  102| 000634 addi     38DF0014   1     AI        gr6=gr31,20
  102| 000638 addi     387F0018   1     AI        gr3=gr31,24
  102| 00063C addi     38851770   1     AI        gr4=gr5,6000
  102| 000640 bl       48000001   1     CALL      mpi_waitall,4,nreq",gr3,req[]",gr4,stat[]",gr5,ierr",gr6,mpi_waitall",fcr",#MX_TEMP1",gr1,cr[01567]",gr0",gr3"-gr12",fp0"-fp13",mq",lr",xer",fsr",ca",ctr"
  102| 000644 ori      60000000   1
    0| 000648 b        4BFFFE10   1     B         CL.8,-1
    0|                              CL.12:
   57| 00064C ld       E81B04E0   1     L8        gr0=<s30:d1248:l8>(gr27,1248)
   57| 000650 addi     388100F4   1     AI        gr4=gr1,244
   57| 000654 std      FAA10088   1     ST8       #MX_TEMP1(gr1,136)=gr21
   57| 000658 std      F8810080   1     ST8       #MX_TEMP1(gr1,128)=gr4
   57| 00065C addi     38A100F0   1     AI        gr5=gr1,240
   57| 000660 std      FB0100A0   1     ST8       #MX_TEMP1(gr1,160)=gr24
   57| 000664 std      F8A10078   1     ST8       #MX_TEMP1(gr1,120)=gr5
   57| 000668 lwz      807A0000   1     L4Z       gr3=<s108:d0:l4>(gr26,0)
   57| 00066C std      FAC10090   1     ST8       #MX_TEMP1(gr1,144)=gr22
   57| 000670 std      FAE10098   1     ST8       #MX_TEMP1(gr1,152)=gr23
   57| 000674 ld       E8DB03A8   1     L8        gr6=<s30:d936:l8>(gr27,936)
   57| 000678 ld       E8FB0068   1     L8        gr7=<s30:d104:l8>(gr27,104)
   57| 00067C ld       E91B00D0   1     L8        gr8=<s30:d208:l8>(gr27,208)
   57| 000680 std      F8010070   1     ST8       #MX_TEMP1(gr1,112)=gr0
   57| 000684 addi     3883FFFE   1     AI        gr4=gr3,-2
   57| 000688 addi     3863FFFF   1     AI        gr3=gr3,-1
   57| 00068C stw      908100F0   1     ST4Z      T_14(gr1,240)=gr4
   57| 000690 stw      906100F4   1     ST4Z      T_15(gr1,244)=gr3
   57| 000694 ld       E87E0068   1     L8        gr3=<s10:d104:l8>(gr30,104)
   57| 000698 ld       E89E0000   1     L8        gr4=<s10:d0:l8>(gr30,0)
   57| 00069C ld       E93B0340   1     L8        gr9=<s30:d832:l8>(gr27,832)
   57| 0006A0 ld       E95B0410   1     L8        gr10=<s30:d1040:l8>(gr27,1040)
   57| 0006A4 addi     38B900E0   1     AI        gr5=gr25,224
   57| 0006A8 bl       48000001   1     CALL      opacity,15,e",gr3,d",gr4,gamma",gr5,kapr",gr6,kap",gr7,sig",gr8,dkapdt",gr9,kem",gr10,dkemdt",T_14",T_15",js",je",ks",ke",opacity",fcr",#MX_TEMP1",gr1,cr[01567]",gr0",gr3"-gr12",fp0"-fp13",mq",lr",xer",fsr",ca",ctr"
   57| 0006AC ori      60000000   1
   59| 0006B0 std      FB0100A0   1     ST8       #MX_TEMP1(gr1,160)=gr24
   59| 0006B4 addi     388100FC   1     AI        gr4=gr1,252
   59| 0006B8 addi     380100F8   1     AI        gr0=gr1,248
   59| 0006BC std      F8810080   1     ST8       #MX_TEMP1(gr1,128)=gr4
   59| 0006C0 std      FAE10098   1     ST8       #MX_TEMP1(gr1,152)=gr23
   59| 0006C4 lwz      807A0004   1     L4Z       gr3=<s108:d4:l4>(gr26,4)
   59| 0006C8 ld       E8BB04E0   1     L8        gr5=<s30:d1248:l8>(gr27,1248)
   59| 0006CC std      FAA10088   1     ST8       #MX_TEMP1(gr1,136)=gr21
   59| 0006D0 std      FAC10090   1     ST8       #MX_TEMP1(gr1,144)=gr22
   59| 0006D4 ld       E8DB03A8   1     L8        gr6=<s30:d936:l8>(gr27,936)
   59| 0006D8 ld       E8FB0068   1     L8        gr7=<s30:d104:l8>(gr27,104)
   59| 0006DC addi     38830001   1     AI        gr4=gr3,1
   59| 0006E0 addi     38630002   1     AI        gr3=gr3,2
   59| 0006E4 stw      908100F8   1     ST4Z      T_16(gr1,248)=gr4
   59| 0006E8 stw      906100FC   1     ST4Z      T_17(gr1,252)=gr3
   59| 0006EC ld       E87E0068   1     L8        gr3=<s10:d104:l8>(gr30,104)
   59| 0006F0 ld       E89E0000   1     L8        gr4=<s10:d0:l8>(gr30,0)
   59| 0006F4 std      F8A10070   1     ST8       #MX_TEMP1(gr1,112)=gr5
   59| 0006F8 ld       E91B00D0   1     L8        gr8=<s30:d208:l8>(gr27,208)
   59| 0006FC ld       E93B0340   1     L8        gr9=<s30:d832:l8>(gr27,832)
   59| 000700 std      F8010078   1     ST8       #MX_TEMP1(gr1,120)=gr0
   59| 000704 ld       E95B0410   1     L8        gr10=<s30:d1040:l8>(gr27,1040)
   59| 000708 addi     38B900E0   1     AI        gr5=gr25,224
   59| 00070C bl       48000001   1     CALL      opacity,15,e",gr3,d",gr4,gamma",gr5,kapr",gr6,kap",gr7,sig",gr8,dkapdt",gr9,kem",gr10,dkemdt",T_16",T_17",js",je",ks",ke",opacity",fcr",#MX_TEMP1",gr1,cr[01567]",gr0",gr3"-gr12",fp0"-fp13",mq",lr",xer",fsr",ca",ctr"
   59| 000710 ori      60000000   1
   62| 000714 b        4BFFFED8   1     B         CL.10,-1
     |               Tag Table
     | 000718        00000000 00012001 800D0000 00000718
     |               Instruction count          454
     |               Straight-line exec time    454

 
 
>>>>> FILE TABLE SECTION <<<<<
 
 
                                       FILE CREATION        FROM
FILE NO   FILENAME                    DATE       TIME       FILE    LINE
     0    opac_d.f90                  07/08/15   15:48:27
 
 
>>>>> COMPILATION EPILOGUE SECTION <<<<<
 
 
FORTRAN Summary of Diagnosed Conditions
 
TOTAL   UNRECOVERABLE  SEVERE       ERROR     WARNING    INFORMATIONAL
               (U)       (S)         (E)        (W)          (I)
    0           0         0           0          0            0
 
 
    Source records read.......................................     113
1501-510  Compilation successful for file opac_d.f90.
1501-543  Object file created.
