IBM XL Fortran for Blue Gene, V14.1 (5799-AH1) Version 14.01.0000.0012 --- spcdump.f90 07/08/15 15:48:54
 
>>>>> OPTIONS SECTION <<<<<
***   Options In Effect   ***
  
         ==  On / Off Options  ==
         CR              NODIRECTSTORAG  ESCAPE          I4
         INLGLUE         NOLIBESSL       NOLIBPOSIX      OBJECT
         SWAPOMP         THREADED        UNWIND          ZEROSIZE
  
         ==  Options Of Integer Type ==
         ALIAS_SIZE(65536)     MAXMEM(-1)            OPTIMIZE(3)
         SPILLSIZE(512)        STACKTEMP(0)
  
         ==  Options of Integer and Character Type ==
         CACHE(LEVEL(1),TYPE(I),ASSOC(4),COST(6),LINE(64),SIZE(16))
         CACHE(LEVEL(2),TYPE(I),ASSOC(16),COST(80),LINE(128))
         CACHE(LEVEL(1),TYPE(D),ASSOC(8),COST(6),LINE(64),SIZE(16))
         CACHE(LEVEL(2),TYPE(D),ASSOC(16),COST(80),LINE(128))
         INLINE(NOAUTO,LEVEL(5))
         HOT(FASTMATH,LEVEL(0))
         SIMD(AUTO)
  
         ==  Options Of Character Type  ==
         64()                  ALIAS(STD,NOINTPTR)   ALIGN(BINDC(LINUXPPC),STRUCT(NATURAL))
         ARCH(QP)              AUTODBL(NONE)         DESCRIPTOR(V1)
         DIRECTIVE(IBM*,IBMT)  ENUM()                FLAG(I,I)
         FLOAT(MAF,FOLD,RSQRT,FLTINT)
         FREE(F90)             GNU_VERSION(DOT_TRIPLE)
         HALT(S)               IEEE(NEAR)            INTSIZE(4)
         LIST()                LANGLVL(EXTENDED)     REALSIZE(4)
         REPORT(HOTLIST)       STRICT(NONE,NOPRECISION,NOEXCEPTIONS,NOIEEEFP,NONANS,NOINFINITIES,NOSUBNORMALS,NOZEROSIGNS,NOOPERATIONPRECISION,ORDER,NOLIBRARY,NOCONSTRUCTCOPY,NOVECTORPRECISION)
         TUNE(QP)              UNROLL(AUTO)          XFLAG()
         XLF2003(NOPOLYMORPHIC,NOBOZLITARGS,NOSIGNDZEROINTR,NOSTOPEXCEPT,NOVOLATILE,NOAUTOREALLOC,OLDNANINF)
         XLF2008(NOCHECKPRESENCE)
         XLF77(LEADZERO,BLANKPAD)
         XLF90(SIGNEDZERO,AUTODEALLOC)
  
>>>>> SOURCE SECTION <<<<<
** spcdump   === End of Compilation 1 ===
 
>>>>> LOOP TRANSFORMATION SECTION <<<<<



    39|         SUBROUTINE spcdump ()
    50|           IF (.NOT.(0 == (d-fftdata%flags  .AND.  128)  .OR.  0 == (&
                &   d-fftdata%flags  .AND.  32))) GOTO lab_1
                  filenameaddr_1 = "spcdump.f90"
                  filenamelen_1 = 11
                  CALL _xlfErrorExitWithLoc(0,3,109,0,NULL,NULL,filename_1,50,&
                &   NULL)
                  CALL _trap(3)
                  RETURN
                  lab_1
                  IF ((d-fftdata%addr <> NULL)) THEN
                    CALL free(d-fftdata%addr)
                  ENDIF
                  d-fftdata%flags = d-fftdata%flags  .AND.  15
    52|           RETURN
                END SUBROUTINE spcdump


    39|         SUBROUTINE spcdump ()
    50|           IF (.NOT.(0 == (d-fftdata%flags  .AND.  128)  .OR.  0 == (&
                &   d-fftdata%flags  .AND.  32))) GOTO lab_1
                  filenameaddr_1 = "spcdump.f90"
                  filenamelen_1 = 11
                  CALL _xlfErrorExitWithLoc(0,3,109,0,NULL,NULL,filename_1,50,&
                &   NULL)
                  CALL _trap(3)
                  RETURN
                  lab_1
                  IF ((d-fftdata%addr <> NULL)) THEN
                    CALL free(d-fftdata%addr)
                  ENDIF
                  d-fftdata%flags = d-fftdata%flags  .AND.  15
    52|           RETURN
                END SUBROUTINE spcdump

 
 
>>>>> OBJECT SECTION <<<<<
 GPR's set/used:   ssus ssss ssss s---  ---- ---- ---- --ss
 FPR's set/used:   ssss ssss ssss ss--  ---- ---- ---- ----
 CCR's set/used:   ss-- -sss
     | 000000                           PDEF     spcdump
   39|                                  PROC      
    0| 000000 std      FBE1FFF8   1     ST8       #stack(gr1,-8)=gr31
    0| 000004 std      FBC1FFF0   1     ST8       #stack(gr1,-16)=gr30
    0| 000008 mfspr    7C0802A6   1     LFLR      gr0=lr
    0| 00000C std      F8010010   1     ST8       #stack(gr1,16)=gr0
    0| 000010 stdu     F821FF41   1     ST8U      gr1,#stack(gr1,-192)=gr1
   50| 000014 ld       EBE20000   1     L8        gr31=.&&N&fftpars(gr2,0)
   50| 000018 lbz      8BDF000A   1     L1Z       gr30=<s11:d10:l1>(gr31,10)
   50| 00001C rlwinm   57C00630   1     RN4       gr0=gr30,0,0x80
   50| 000020 rlwinm   57C306B4   1     RN4       gr3=gr30,0,0x20
   50| 000024 cmplwi   28000000   1     CL4       cr0=gr0,0
   50| 000028 cmplwi   28830000   1     CL4       cr1=gr3,0
   50| 00002C cror     4C461382   1     CR_O      cr0=cr[10],0x4/eq,0x4/eq,0x4/eq,cr0
   50| 000030 bc       41820050   1     BT        CL.15,cr0,0x4/eq,taken=10%(10,90)
   50| 000034 ld       E87F0000   1     L8        gr3=<s11:d0:l8>(gr31,0)
   50| 000038 cmpdi    2C230000   1     C8        cr0=gr3,0
   50| 00003C bc       4082001C   1     BF        CL.16,cr0,0x4/eq,taken=40%(40,60)
   50| 000040 rlwinm   57C0073E   1     RN4       gr0=gr30,0,0xF
   52| 000044 ld       EBC100B0   1     L8        gr30=#stack(gr1,176)
   50| 000048 stb      981F000A   1     ST1Z      <s11:d10:l1>(gr31,10)=gr0
   52| 00004C ld       EBE100B8   1     L8        gr31=#stack(gr1,184)
   52| 000050 addi     382100C0   1     AI        gr1=gr1,192
   52| 000054 bclr     4E800020   1     BA        lr
    0|                              CL.16:
   50| 000058 bl       48000001   1     CALL      free,1,fftdata[].rns1.",gr3,free",fcr",#MX_TEMP1",gr1,cr[01567]",gr0",gr3"-gr12",fp0"-fp13",mq",lr",xer",fsr",ca",ctr"
   50| 00005C ori      60000000   1
   52| 000060 ld       E98100D0   1     L8        gr12=#stack(gr1,208)
   50| 000064 rlwinm   57C0073E   1     RN4       gr0=gr30,0,0xF
   52| 000068 addi     382100C0   1     AI        gr1=gr1,192
   50| 00006C stb      981F000A   1     ST1Z      <s11:d10:l1>(gr31,10)=gr0
   52| 000070 ld       EBC1FFF0   1     L8        gr30=#stack(gr1,-16)
   52| 000074 ld       EBE1FFF8   1     L8        gr31=#stack(gr1,-8)
   52| 000078 mtspr    7D8803A6   1     LLR       lr=gr12
   52| 00007C bclr     4E800020   1     BA        lr
    0|                              CL.15:
   50| 000080 ld       E8020000   1     L8        gr0=.+CONSTANT_AREA(gr2,0)
   50| 000084 addi     3880000B   1     LI        gr4=11
   50| 000088 addi     38600000   1     LI        gr3=0
   50| 00008C std      F8810088   1     ST8       <a1:d136:l8>(gr1,136)=gr4
   50| 000090 addi     39210080   1     AI        gr9=gr1,128
   50| 000094 std      F8610070   1     ST8       #MX_TEMP1(gr1,112)=gr3
   50| 000098 std      F8010080   1     ST8       <a1:d128:l8>(gr1,128)=gr0
   50| 00009C addi     38800003   1     LI        gr4=3
   50| 0000A0 addi     38A0006D   1     LI        gr5=109
   50| 0000A4 addi     38C00000   1     LI        gr6=0
   50| 0000A8 addi     38E00000   1     LI        gr7=0
   50| 0000AC addi     39000000   1     LI        gr8=0
   50| 0000B0 addi     39400032   1     LI        gr10=50
   50| 0000B4 bl       48000001   1     CALL      _xlfErrorExitWithLoc,9,gr3-gr6,ShadowTemp_1.rns0.,gr7,ShadowTemp_1.rns0.,gr8,filename_1,gr9,gr10,ShadowTemp_1.rns0.,_xlfErrorExitWithLoc",fcr",#MX_TEMP1",gr1,cr[01567]",gr0",gr3"-gr12",fp0"-fp13",mq",lr",xer",fsr",ca",ctr"
   50| 0000B8 ori      60000000   1
   50| 0000BC tw       7C8E7008   1     TRAP      9
     | 0000C0 b        48000000   1
     |               Tag Table
     | 0000C4        00000000 00012001 80020000 000000C4
     |               Instruction count           49
     |               Straight-line exec time     49
     |               Constant Area
     | 000000        73706364 756D702E 663930

 
 
>>>>> COMPILATION UNIT EPILOGUE SECTION <<<<<
 
 
TOTAL   UNRECOVERABLE  SEVERE       ERROR     WARNING    INFORMATIONAL
               (U)       (S)         (E)        (W)          (I)
    0           0         0           0          0            0
 
>>>>> OPTIONS SECTION <<<<<
***   Options In Effect   ***
  
         ==  On / Off Options  ==
         CR              NODIRECTSTORAG  ESCAPE          I4
         INLGLUE         NOLIBESSL       NOLIBPOSIX      OBJECT
         SWAPOMP         THREADED        UNWIND          ZEROSIZE
  
         ==  Options Of Integer Type ==
         ALIAS_SIZE(65536)     MAXMEM(-1)            OPTIMIZE(3)
         SPILLSIZE(512)        STACKTEMP(0)
  
         ==  Options of Integer and Character Type ==
         CACHE(LEVEL(1),TYPE(I),ASSOC(4),COST(6),LINE(64),SIZE(16))
         CACHE(LEVEL(2),TYPE(I),ASSOC(16),COST(80),LINE(128))
         CACHE(LEVEL(1),TYPE(D),ASSOC(8),COST(6),LINE(64),SIZE(16))
         CACHE(LEVEL(2),TYPE(D),ASSOC(16),COST(80),LINE(128))
         INLINE(NOAUTO,LEVEL(5))
         HOT(FASTMATH,LEVEL(0))
         SIMD(AUTO)
  
         ==  Options Of Character Type  ==
         64()                  ALIAS(STD,NOINTPTR)   ALIGN(BINDC(LINUXPPC),STRUCT(NATURAL))
         ARCH(QP)              AUTODBL(NONE)         DESCRIPTOR(V1)
         DIRECTIVE(IBM*,IBMT)  ENUM()                FLAG(I,I)
         FLOAT(MAF,FOLD,RSQRT,FLTINT)
         FREE(F90)             GNU_VERSION(DOT_TRIPLE)
         HALT(S)               IEEE(NEAR)            INTSIZE(4)
         LIST()                LANGLVL(EXTENDED)     REALSIZE(4)
         REPORT(HOTLIST)       STRICT(NONE,NOPRECISION,NOEXCEPTIONS,NOIEEEFP,NONANS,NOINFINITIES,NOSUBNORMALS,NOZEROSIGNS,NOOPERATIONPRECISION,ORDER,NOLIBRARY,NOCONSTRUCTCOPY,NOVECTORPRECISION)
         TUNE(QP)              UNROLL(AUTO)          XFLAG()
         XLF2003(NOPOLYMORPHIC,NOBOZLITARGS,NOSIGNDZEROINTR,NOSTOPEXCEPT,NOVOLATILE,NOAUTOREALLOC,OLDNANINF)
         XLF2008(NOCHECKPRESENCE)
         XLF77(LEADZERO,BLANKPAD)
         XLF90(SIGNEDZERO,AUTODEALLOC)
  
>>>>> SOURCE SECTION <<<<<
 
>>>>> FILE TABLE SECTION <<<<<
 
 
                                       FILE CREATION        FROM
FILE NO   FILENAME                    DATE       TIME       FILE    LINE
     0    spcdump.f90                 07/08/15   15:48:54
 
 
>>>>> COMPILATION EPILOGUE SECTION <<<<<
 
 
FORTRAN Summary of Diagnosed Conditions
 
TOTAL   UNRECOVERABLE  SEVERE       ERROR     WARNING    INFORMATIONAL
               (U)       (S)         (E)        (W)          (I)
    0           0         0           0          0            0
 
 
    Source records read.......................................      59
1501-510  Compilation successful for file spcdump.f90.
1501-543  Object file created.
